Python 3.7.3 (v3.7.3:ef4ec6ed12, Mar 25 2019, 22:22:05) [MSC v.1916 64 bit (AMD64)] on win32
Type "help", "copyright", "credits" or "license()" for more information.
>>> import os
>>> os.getcwd()
'C:\\Users\\AndrewsE\\AppData\\Local\\Programs\\Python\\Python37'
>>> os.chdir('C:\Users\AndrewsE\Downloads\proto')
SyntaxError: (unicode error) 'unicodeescape' codec can't decode bytes in position 2-3: truncated \UXXXXXXXX escape
>>> os.chdir('C:\\Users\\AndrewsE\\Downloads\\proto')
>>> os.listdir()
['README.md', 'txnlog.dat']
>>> fdata=open('txnlog.data','rb')
Traceback (most recent call last):
  File "<pyshell#5>", line 1, in <module>
    fdata=open('txnlog.data','rb')
FileNotFoundError: [Errno 2] No such file or directory: 'txnlog.data'
>>> fdata=open('txnlog.dat','rb')
>>> fbinary=fdata.read()
>>> len(fbinary)
1377
>>> fdata.close()
>>> fbinary
b'MPS7\x01\x00\x00\x00G\x00S\t\'\xd19gG\xc0E\xd9\x91!@\x82\xe21\xd6\xd7.\x8d\x01Tmqj\x14\xa2\xb0\xf5\xd4\xbb\x8f\xe2@\x89\xc9\ts\x81\x93j\x00SU\xf0 \x0e$\x8bQN\x16\x00\xe7@\x84\xe5bgSe6\x02R\xe1\xf4\xbb3\xaf\xd3yAC\x90\x89\x00Tr\r\xac^\xe2\xde\xba\xa8X\xbft@x\xdb\xd1\xf8\x00\xc4:\x01Tl\xee\xa5n\xbe\r\xe7\xc0\xf8\xf4\xf6@\x83\x01\x13\x0c$L\xda\x02S\xe8<\xba\x02[\x10B\x9c}R\xfd\x00S\xdd\xfc\xf4Z\xf9\xa8\x10\x8c\x0c\x9b\xee@dj\x81\xed\xe3\xee\xdf\x00To\xd5\xfe^\xb2\x9cw\x19\xafS\xba@x\t\xde\x08\xe0{v\x03R\xd2\xb7\xaec\x9fu\xa1 \xdc\xcb\'\x01S\x97\xce\xf9)\xe3\xc1\x98Cns\xda@cU>\xb4\x96y\xc8\x00S\xcd\xac\xdc\x15\x12\xc3\xf6\xa0-5\x10@\x8b\x93\xd3%\x84N\x95\x03TBR\xa1"aMo\xbe\xca3j\x01T$\x9e[-\x89\xc8 \xf5\xc3S\xcf@\x89\xe4\x84\x8b\xfa\xc9A\x02Tu\x12\x07\t\x82^\x11p97K\x00S\xc3/\xeb?\xcbbl?\x1dt\'@\x84v\xdf\xdb\n|@\x02T|\xfc>7\xab6A\xfe=\xeay\x00R\xc9\xc1\xd8\\E\x10x\x96\xf2\x96\t@q\xe4\xad\xf6\xc9\x92\xfa\x03S\x86"\xfan\xbe\r\xe7\xc0\xf8\xf4\xf6\x00S\xb5\xddwLs\x90\xeb\xb0E\x9c\xd3@\x89b\xf0A\xfe\t2\x03R\xef-\xab\x0c\x8cF\x94\xa5J\xf7G\x00T\t\xf3\xcb\x1b\xf9\x8b\xe2\xa9\xd7\x8ds@\x82\xc4\xc2\x18\x9f\xfb\xf0\x01T[m\xf45\xc9\xae\xc1d\xcfu\xfd@\x8d\xb5\xb8\x01s\x15\xff\x01S\xc8]\xfa]\xee\xf4\x8e\xe6[\x1c\xda@\x82\xa2\x0e\xfe:\x93a\x02S\xb8\xce\x0fll\r\x12v\xbebb\x01T\x92\xe5\\\x11N\xa6\xb6\xe9\x13VB@k\xc0,\xf6\x0bwS\x00S\xc2\xe9q"\x18\xccqf\xa89\x87@o\x12\xb7\xc2V\x05\xac\x00T4%\xcev\x0b\r"\x05\x01C\xa6@\x8d\xdaU\xf2i+\x99\x00R\xc9s\x81:\xae>>J0V\x05@\x8bK\x92ma.\x85\x00T3\xeb\x8b4\xb4\xa3\xc8\x13\xd3F\xb5@sA\xa1]\xfa9\x8e\x02R\xfc#\x19\x1cI\xb0\xbc\xf90\xb4\xe0\x00SE\xc6\xfdg\xaeuD!\t\x1b\xce@\x89\xd6\xaa\x1b\xf6E\x8a\x02Skt\x9a0\xc4\x12\xb54,\x1c\xdb\x00SG\xab\xacB!V\xc2L\x87L\xa3@~\x01\xd4\xb9\x1b{\xfd\x00TK~\xdd^\xf4\xe8\x1e\xdeEa\xad@\x80\xb6\xab\x7f?R\xb9\x00T\'\t{r\x12n\x84\xf0\xa7\xae\xc6@\x8f0\xf1  V\xd4\x03S\xde\xbf(t\xeaB\xaf\xc1-\x15N\x00S&\tR\x11\x94\x14\xe5T5\xcf\xfc@y\t\\\xca\x9f\xb5\xd2\x00S:hJk2\x15Y\xb4v\x97\xc6@qw\x86\xf8\xd8\xb7\xba\x00S\x1b\x1a\xafk\xa5\xaaV\xe6\xa5\x1fW@dX|\xb2=\xde[\x03To\x07\x13wU\xe2\x80\x95\x9e@\xfd\x00R\xdc\x8b\xeeA\x92!F\x12\x96b\x04@a\xca\xb7X\x8c\xccL\x00R\xd7q\n%Yz\x841sw\x88@\x83\xc92\x9fX\xae\x90\x02T\x8a\xc5\xa1\x14HC(\xe9\x0bQ\xa2\x01S\x1c4sM\xba{\x0f\x9d\xa1\xd7\xeb@\x87*oF\x06\x94x\x00Te\x94j@\xdd\xa56\tf<\xf1@\x7f\xd5\xcd)\x86\xd0\x12\x00To\xcd\x1e]!@d\x01\x81S\xda@s]j\x9bI\xf8F\x00SA+\xb9\x03\\\xa8\rrR\x1a\x90@{z\x94\xc7\x17(G\x02S\xd6y\xe8y\x97\x8c\x88\x84\xbc\x935\x00R\xf5\x1fk\x17>^n\t\xd0\xc9\x10@q,\x13m\xfc({\x00T}\xd5\xfb;D\xe0\xdf\xb5\x9c\x1f\xcb@x\x8d\xb1\xa0\xe7\xcf\xd2\x00S\xb2L\xb6\x0cs\x11o\x035\xca\xc7@\x82\xc6\x8bh\x92<8\x03S\x96\x00S\x11\xaf\xb41\xf6\xbd4O\x01S#\xa8\'\n\xf2V\x03\x83\xd1y\t@\x85W\xd0\xd5V\xaa3\x00T\x97B\x97\x15\x12\xc3\xf6\xa0-5\x10@X\xb5F,\xc5\x92W\x00S\xbe\x9a\xa5\x00\xd9\'\x04%\xc046@q\x05\x92\xa1\xfab\xe5\x00S\xc0H\x1b9\xe1\xd1}t\xa4O\x97@\x81c~\xf7\xd0BJ\x00S\xa7\xc4q5!e\xc1\x86v\x907@\x80\xcfJ`\xce[\\\x02T[|pLO\x95\x10w\t\xec\'\x00R\xd6\x16\x8a;h\x9aV\xe0\x14/\xb7@s\x97(r)\xe2\xeb\x00S-\xcdZ[8\x87J*#@\xe1@\x86\x1a\xb87\x1a\xf1\xea\x03T5\x06\xcc\x10\xca\xd4\xc6\x0f\x94\x90P\x01S^mt}!\xeb\xf5\xc8\x16\xce\xd2@\x81BXT\xb8c\\\x00R\xf5\x14qz\xf1\x95\x0e\x92\x9d\x89\xd3@\x8b\xd9\xe9\xe3\xedO\x82\x01Tr\r\xac^\xe2\xde\xba\xa8X\xbft@x\xdb\xd1\xf8\x00\xc4:\x01To\xd5\xfe^\xb2\x9cw\x19\xafS\xba@x\t\xde\x08\xe0{v\x01S\xc2\xe9q"\x18\xccqf\xa89\x87@o\x12\xb7\xc2V\x05\xac\x01T4%\xcev\x0b\r"\x05\x01C\xa6@\x8d\xdaU\xf2i+\x99\x01R\xd7q\n%Yz\x841sw\x88@\x83\xc92\x9fX\xae\x90\x01To\xcd\x1e]!@d\x01\x81S\xda@s]j\x9bI\xf8F\x01R\xf5\x1fk\x17>^n\t\xd0\xc9\x10@q,\x13m\xfc({\x01S-\xcdZ[8\x87J*#@\xe1@\x86\x1a\xb87\x1a\xf1\xea'
>>> fbinary.split('\t')
Traceback (most recent call last):
  File "<pyshell#11>", line 1, in <module>
    fbinary.split('\t')
TypeError: a bytes-like object is required, not 'str'
>>> fbinary.split('\\t')
Traceback (most recent call last):
  File "<pyshell#12>", line 1, in <module>
    fbinary.split('\\t')
TypeError: a bytes-like object is required, not 'str'
>>> fbinary.split("\t")
Traceback (most recent call last):
  File "<pyshell#13>", line 1, in <module>
    fbinary.split("\t")
TypeError: a bytes-like object is required, not 'str'
>>> fbinary.split()
[b'MPS7\x01\x00\x00\x00G\x00S', b"'\xd19gG\xc0E\xd9\x91!@\x82\xe21\xd6\xd7.\x8d\x01Tmqj\x14\xa2\xb0\xf5\xd4\xbb\x8f\xe2@\x89\xc9", b's\x81\x93j\x00SU\xf0', b'\x0e$\x8bQN\x16\x00\xe7@\x84\xe5bgSe6\x02R\xe1\xf4\xbb3\xaf\xd3yAC\x90\x89\x00Tr', b'\xac^\xe2\xde\xba\xa8X\xbft@x\xdb\xd1\xf8\x00\xc4:\x01Tl\xee\xa5n\xbe', b'\xe7\xc0\xf8\xf4\xf6@\x83\x01\x13', b'$L\xda\x02S\xe8<\xba\x02[\x10B\x9c}R\xfd\x00S\xdd\xfc\xf4Z\xf9\xa8\x10\x8c', b'\x9b\xee@dj\x81\xed\xe3\xee\xdf\x00To\xd5\xfe^\xb2\x9cw\x19\xafS\xba@x', b'\xde\x08\xe0{v\x03R\xd2\xb7\xaec\x9fu\xa1', b'\xdc\xcb\'\x01S\x97\xce\xf9)\xe3\xc1\x98Cns\xda@cU>\xb4\x96y\xc8\x00S\xcd\xac\xdc\x15\x12\xc3\xf6\xa0-5\x10@\x8b\x93\xd3%\x84N\x95\x03TBR\xa1"aMo\xbe\xca3j\x01T$\x9e[-\x89\xc8', b'\xf5\xc3S\xcf@\x89\xe4\x84\x8b\xfa\xc9A\x02Tu\x12\x07', b"\x82^\x11p97K\x00S\xc3/\xeb?\xcbbl?\x1dt'@\x84v\xdf\xdb", b'|@\x02T|\xfc>7\xab6A\xfe=\xeay\x00R\xc9\xc1\xd8\\E\x10x\x96\xf2\x96', b'@q\xe4\xad\xf6\xc9\x92\xfa\x03S\x86"\xfan\xbe', b'\xe7\xc0\xf8\xf4\xf6\x00S\xb5\xddwLs\x90\xeb\xb0E\x9c\xd3@\x89b\xf0A\xfe', b'2\x03R\xef-\xab', b'\x8cF\x94\xa5J\xf7G\x00T', b'\xf3\xcb\x1b\xf9\x8b\xe2\xa9\xd7\x8ds@\x82\xc4\xc2\x18\x9f\xfb\xf0\x01T[m\xf45\xc9\xae\xc1d\xcfu\xfd@\x8d\xb5\xb8\x01s\x15\xff\x01S\xc8]\xfa]\xee\xf4\x8e\xe6[\x1c\xda@\x82\xa2\x0e\xfe:\x93a\x02S\xb8\xce\x0fll', b'\x12v\xbebb\x01T\x92\xe5\\\x11N\xa6\xb6\xe9\x13VB@k\xc0,\xf6', b'wS\x00S\xc2\xe9q"\x18\xccqf\xa89\x87@o\x12\xb7\xc2V\x05\xac\x00T4%\xcev', b'"\x05\x01C\xa6@\x8d\xdaU\xf2i+\x99\x00R\xc9s\x81:\xae>>J0V\x05@\x8bK\x92ma.\x85\x00T3\xeb\x8b4\xb4\xa3\xc8\x13\xd3F\xb5@sA\xa1]\xfa9\x8e\x02R\xfc#\x19\x1cI\xb0\xbc\xf90\xb4\xe0\x00SE\xc6\xfdg\xaeuD!', b"\x1b\xce@\x89\xd6\xaa\x1b\xf6E\x8a\x02Skt\x9a0\xc4\x12\xb54,\x1c\xdb\x00SG\xab\xacB!V\xc2L\x87L\xa3@~\x01\xd4\xb9\x1b{\xfd\x00TK~\xdd^\xf4\xe8\x1e\xdeEa\xad@\x80\xb6\xab\x7f?R\xb9\x00T'", b'{r\x12n\x84\xf0\xa7\xae\xc6@\x8f0\xf1', b'V\xd4\x03S\xde\xbf(t\xeaB\xaf\xc1-\x15N\x00S&', b'R\x11\x94\x14\xe5T5\xcf\xfc@y', b'\\\xca\x9f\xb5\xd2\x00S:hJk2\x15Y\xb4v\x97\xc6@qw\x86\xf8\xd8\xb7\xba\x00S\x1b\x1a\xafk\xa5\xaaV\xe6\xa5\x1fW@dX|\xb2=\xde[\x03To\x07\x13wU\xe2\x80\x95\x9e@\xfd\x00R\xdc\x8b\xeeA\x92!F\x12\x96b\x04@a\xca\xb7X\x8c\xccL\x00R\xd7q', b'%Yz\x841sw\x88@\x83\xc92\x9fX\xae\x90\x02T\x8a\xc5\xa1\x14HC(\xe9', b'Q\xa2\x01S\x1c4sM\xba{\x0f\x9d\xa1\xd7\xeb@\x87*oF\x06\x94x\x00Te\x94j@\xdd\xa56', b'f<\xf1@\x7f\xd5\xcd)\x86\xd0\x12\x00To\xcd\x1e]!@d\x01\x81S\xda@s]j\x9bI\xf8F\x00SA+\xb9\x03\\\xa8', b'rR\x1a\x90@{z\x94\xc7\x17(G\x02S\xd6y\xe8y\x97\x8c\x88\x84\xbc\x935\x00R\xf5\x1fk\x17>^n', b'\xd0\xc9\x10@q,\x13m\xfc({\x00T}\xd5\xfb;D\xe0\xdf\xb5\x9c\x1f\xcb@x\x8d\xb1\xa0\xe7\xcf\xd2\x00S\xb2L\xb6', b"s\x11o\x035\xca\xc7@\x82\xc6\x8bh\x92<8\x03S\x96\x00S\x11\xaf\xb41\xf6\xbd4O\x01S#\xa8'", b'\xf2V\x03\x83\xd1y', b"@\x85W\xd0\xd5V\xaa3\x00T\x97B\x97\x15\x12\xc3\xf6\xa0-5\x10@X\xb5F,\xc5\x92W\x00S\xbe\x9a\xa5\x00\xd9'\x04%\xc046@q\x05\x92\xa1\xfab\xe5\x00S\xc0H\x1b9\xe1\xd1}t\xa4O\x97@\x81c~\xf7\xd0BJ\x00S\xa7\xc4q5!e\xc1\x86v\x907@\x80\xcfJ`\xce[\\\x02T[|pLO\x95\x10w", b"\xec'\x00R\xd6\x16\x8a;h\x9aV\xe0\x14/\xb7@s\x97(r)\xe2\xeb\x00S-\xcdZ[8\x87J*#@\xe1@\x86\x1a\xb87\x1a\xf1\xea\x03T5\x06\xcc\x10\xca\xd4\xc6\x0f\x94\x90P\x01S^mt}!\xeb\xf5\xc8\x16\xce\xd2@\x81BXT\xb8c\\\x00R\xf5\x14qz\xf1\x95\x0e\x92\x9d\x89\xd3@\x8b\xd9\xe9\xe3\xedO\x82\x01Tr", b'\xac^\xe2\xde\xba\xa8X\xbft@x\xdb\xd1\xf8\x00\xc4:\x01To\xd5\xfe^\xb2\x9cw\x19\xafS\xba@x', b'\xde\x08\xe0{v\x01S\xc2\xe9q"\x18\xccqf\xa89\x87@o\x12\xb7\xc2V\x05\xac\x01T4%\xcev', b'"\x05\x01C\xa6@\x8d\xdaU\xf2i+\x99\x01R\xd7q', b'%Yz\x841sw\x88@\x83\xc92\x9fX\xae\x90\x01To\xcd\x1e]!@d\x01\x81S\xda@s]j\x9bI\xf8F\x01R\xf5\x1fk\x17>^n', b'\xd0\xc9\x10@q,\x13m\xfc({\x01S-\xcdZ[8\x87J*#@\xe1@\x86\x1a\xb87\x1a\xf1\xea']
>>> fbinary.split(',')
Traceback (most recent call last):
  File "<pyshell#15>", line 1, in <module>
    fbinary.split(',')
TypeError: a bytes-like object is required, not 'str'
>>> fbinary.split(",")
Traceback (most recent call last):
  File "<pyshell#16>", line 1, in <module>
    fbinary.split(",")
TypeError: a bytes-like object is required, not 'str'
>>> dir(fbinary)
['__add__', '__class__', '__contains__', '__delattr__', '__dir__', '__doc__', '__eq__', '__format__', '__ge__', '__getattribute__', '__getitem__', '__getnewargs__', '__gt__', '__hash__', '__init__', '__init_subclass__', '__iter__', '__le__', '__len__', '__lt__', '__mod__', '__mul__', '__ne__', '__new__', '__reduce__', '__reduce_ex__', '__repr__', '__rmod__', '__rmul__', '__setattr__', '__sizeof__', '__str__', '__subclasshook__', 'capitalize', 'center', 'count', 'decode', 'endswith', 'expandtabs', 'find', 'fromhex', 'hex', 'index', 'isalnum', 'isalpha', 'isascii', 'isdigit', 'islower', 'isspace', 'istitle', 'isupper', 'join', 'ljust', 'lower', 'lstrip', 'maketrans', 'partition', 'replace', 'rfind', 'rindex', 'rjust', 'rpartition', 'rsplit', 'rstrip', 'split', 'splitlines', 'startswith', 'strip', 'swapcase', 'title', 'translate', 'upper', 'zfill']
>>> fbinary
b'MPS7\x01\x00\x00\x00G\x00S\t\'\xd19gG\xc0E\xd9\x91!@\x82\xe21\xd6\xd7.\x8d\x01Tmqj\x14\xa2\xb0\xf5\xd4\xbb\x8f\xe2@\x89\xc9\ts\x81\x93j\x00SU\xf0 \x0e$\x8bQN\x16\x00\xe7@\x84\xe5bgSe6\x02R\xe1\xf4\xbb3\xaf\xd3yAC\x90\x89\x00Tr\r\xac^\xe2\xde\xba\xa8X\xbft@x\xdb\xd1\xf8\x00\xc4:\x01Tl\xee\xa5n\xbe\r\xe7\xc0\xf8\xf4\xf6@\x83\x01\x13\x0c$L\xda\x02S\xe8<\xba\x02[\x10B\x9c}R\xfd\x00S\xdd\xfc\xf4Z\xf9\xa8\x10\x8c\x0c\x9b\xee@dj\x81\xed\xe3\xee\xdf\x00To\xd5\xfe^\xb2\x9cw\x19\xafS\xba@x\t\xde\x08\xe0{v\x03R\xd2\xb7\xaec\x9fu\xa1 \xdc\xcb\'\x01S\x97\xce\xf9)\xe3\xc1\x98Cns\xda@cU>\xb4\x96y\xc8\x00S\xcd\xac\xdc\x15\x12\xc3\xf6\xa0-5\x10@\x8b\x93\xd3%\x84N\x95\x03TBR\xa1"aMo\xbe\xca3j\x01T$\x9e[-\x89\xc8 \xf5\xc3S\xcf@\x89\xe4\x84\x8b\xfa\xc9A\x02Tu\x12\x07\t\x82^\x11p97K\x00S\xc3/\xeb?\xcbbl?\x1dt\'@\x84v\xdf\xdb\n|@\x02T|\xfc>7\xab6A\xfe=\xeay\x00R\xc9\xc1\xd8\\E\x10x\x96\xf2\x96\t@q\xe4\xad\xf6\xc9\x92\xfa\x03S\x86"\xfan\xbe\r\xe7\xc0\xf8\xf4\xf6\x00S\xb5\xddwLs\x90\xeb\xb0E\x9c\xd3@\x89b\xf0A\xfe\t2\x03R\xef-\xab\x0c\x8cF\x94\xa5J\xf7G\x00T\t\xf3\xcb\x1b\xf9\x8b\xe2\xa9\xd7\x8ds@\x82\xc4\xc2\x18\x9f\xfb\xf0\x01T[m\xf45\xc9\xae\xc1d\xcfu\xfd@\x8d\xb5\xb8\x01s\x15\xff\x01S\xc8]\xfa]\xee\xf4\x8e\xe6[\x1c\xda@\x82\xa2\x0e\xfe:\x93a\x02S\xb8\xce\x0fll\r\x12v\xbebb\x01T\x92\xe5\\\x11N\xa6\xb6\xe9\x13VB@k\xc0,\xf6\x0bwS\x00S\xc2\xe9q"\x18\xccqf\xa89\x87@o\x12\xb7\xc2V\x05\xac\x00T4%\xcev\x0b\r"\x05\x01C\xa6@\x8d\xdaU\xf2i+\x99\x00R\xc9s\x81:\xae>>J0V\x05@\x8bK\x92ma.\x85\x00T3\xeb\x8b4\xb4\xa3\xc8\x13\xd3F\xb5@sA\xa1]\xfa9\x8e\x02R\xfc#\x19\x1cI\xb0\xbc\xf90\xb4\xe0\x00SE\xc6\xfdg\xaeuD!\t\x1b\xce@\x89\xd6\xaa\x1b\xf6E\x8a\x02Skt\x9a0\xc4\x12\xb54,\x1c\xdb\x00SG\xab\xacB!V\xc2L\x87L\xa3@~\x01\xd4\xb9\x1b{\xfd\x00TK~\xdd^\xf4\xe8\x1e\xdeEa\xad@\x80\xb6\xab\x7f?R\xb9\x00T\'\t{r\x12n\x84\xf0\xa7\xae\xc6@\x8f0\xf1  V\xd4\x03S\xde\xbf(t\xeaB\xaf\xc1-\x15N\x00S&\tR\x11\x94\x14\xe5T5\xcf\xfc@y\t\\\xca\x9f\xb5\xd2\x00S:hJk2\x15Y\xb4v\x97\xc6@qw\x86\xf8\xd8\xb7\xba\x00S\x1b\x1a\xafk\xa5\xaaV\xe6\xa5\x1fW@dX|\xb2=\xde[\x03To\x07\x13wU\xe2\x80\x95\x9e@\xfd\x00R\xdc\x8b\xeeA\x92!F\x12\x96b\x04@a\xca\xb7X\x8c\xccL\x00R\xd7q\n%Yz\x841sw\x88@\x83\xc92\x9fX\xae\x90\x02T\x8a\xc5\xa1\x14HC(\xe9\x0bQ\xa2\x01S\x1c4sM\xba{\x0f\x9d\xa1\xd7\xeb@\x87*oF\x06\x94x\x00Te\x94j@\xdd\xa56\tf<\xf1@\x7f\xd5\xcd)\x86\xd0\x12\x00To\xcd\x1e]!@d\x01\x81S\xda@s]j\x9bI\xf8F\x00SA+\xb9\x03\\\xa8\rrR\x1a\x90@{z\x94\xc7\x17(G\x02S\xd6y\xe8y\x97\x8c\x88\x84\xbc\x935\x00R\xf5\x1fk\x17>^n\t\xd0\xc9\x10@q,\x13m\xfc({\x00T}\xd5\xfb;D\xe0\xdf\xb5\x9c\x1f\xcb@x\x8d\xb1\xa0\xe7\xcf\xd2\x00S\xb2L\xb6\x0cs\x11o\x035\xca\xc7@\x82\xc6\x8bh\x92<8\x03S\x96\x00S\x11\xaf\xb41\xf6\xbd4O\x01S#\xa8\'\n\xf2V\x03\x83\xd1y\t@\x85W\xd0\xd5V\xaa3\x00T\x97B\x97\x15\x12\xc3\xf6\xa0-5\x10@X\xb5F,\xc5\x92W\x00S\xbe\x9a\xa5\x00\xd9\'\x04%\xc046@q\x05\x92\xa1\xfab\xe5\x00S\xc0H\x1b9\xe1\xd1}t\xa4O\x97@\x81c~\xf7\xd0BJ\x00S\xa7\xc4q5!e\xc1\x86v\x907@\x80\xcfJ`\xce[\\\x02T[|pLO\x95\x10w\t\xec\'\x00R\xd6\x16\x8a;h\x9aV\xe0\x14/\xb7@s\x97(r)\xe2\xeb\x00S-\xcdZ[8\x87J*#@\xe1@\x86\x1a\xb87\x1a\xf1\xea\x03T5\x06\xcc\x10\xca\xd4\xc6\x0f\x94\x90P\x01S^mt}!\xeb\xf5\xc8\x16\xce\xd2@\x81BXT\xb8c\\\x00R\xf5\x14qz\xf1\x95\x0e\x92\x9d\x89\xd3@\x8b\xd9\xe9\xe3\xedO\x82\x01Tr\r\xac^\xe2\xde\xba\xa8X\xbft@x\xdb\xd1\xf8\x00\xc4:\x01To\xd5\xfe^\xb2\x9cw\x19\xafS\xba@x\t\xde\x08\xe0{v\x01S\xc2\xe9q"\x18\xccqf\xa89\x87@o\x12\xb7\xc2V\x05\xac\x01T4%\xcev\x0b\r"\x05\x01C\xa6@\x8d\xdaU\xf2i+\x99\x01R\xd7q\n%Yz\x841sw\x88@\x83\xc92\x9fX\xae\x90\x01To\xcd\x1e]!@d\x01\x81S\xda@s]j\x9bI\xf8F\x01R\xf5\x1fk\x17>^n\t\xd0\xc9\x10@q,\x13m\xfc({\x01S-\xcdZ[8\x87J*#@\xe1@\x86\x1a\xb87\x1a\xf1\xea'
>>> fbinary.split(",")
Traceback (most recent call last):
  File "<pyshell#19>", line 1, in <module>
    fbinary.split(",")
TypeError: a bytes-like object is required, not 'str'
>>> fbinary.decode()
Traceback (most recent call last):
  File "<pyshell#20>", line 1, in <module>
    fbinary.decode()
UnicodeDecodeError: 'utf-8' codec can't decode byte 0xd1 in position 13: invalid continuation byte
>>> fbinary.encode()
Traceback (most recent call last):
  File "<pyshell#21>", line 1, in <module>
    fbinary.encode()
AttributeError: 'bytes' object has no attribute 'encode'
>>> fbinary.decode("utf-8","ignore")
'MPS7\x01\x00\x00\x00G\x00S\t\'9gGEّ!@1.\x01Tmqj\x14Ի@\tsj\x00SU \x0e$QN\x16\x00@bgSe6\x02R3yAC\x00Tr\r^\u07baXt@x\x00:\x01Tln\r@\x01\x13\x0c$L\x02S<\x02[\x10B}R\x00SZ\x10\x0c@dj\x00To^w\x19S@x\t\x08{v\x03Rҷcu \'\x01S)Cns@cU>y\x00Sͬ\x15\x12-5\x10@%N\x03TBR"aMo3j\x01T$[- S@䄋A\x02Tu\x12\x07\t^\x11p97K\x00S/?bl?\x1dt\'@v\n|@\x02T|>76A=y\x00R\\E\x10x\t@qɒ\x03S"n\r\x00SwLsE@bA\t2\x03R-\x0cFJG\x00T\t\x1b\u05cds@\x18\x01T[m5ɮdu@\x01s\x15\x01S]][\x1c@\x0e:a\x02S\x0fll\r\x12vbb\x01T\\\x11N\x13VB@k,\x0bwS\x00Sq"\x18qf9@o\x12V\x05\x00T4%v\x0b\r"\x05\x01C@Ui+\x00Rs:>>J0V\x05@Kma.\x00T34\x13F@sA]9\x02R#\x19\x1cI0\x00SEguD!\t\x1b@֪\x1bE\x02Skt0\x124,\x1c\x00SGB!VLL@~\x01Թ\x1b{\x00TK~^\x1eEa@\x7f?R\x00T\'\t{r\x12n@0  V\x03S\u07bf(tB-\x15N\x00S&\tR\x11\x14T5@y\t\\ʟ\x00S:hJk2\x15Yv@qwط\x00S\x1b\x1akV\x1fW@dX|=[\x03To\x07\x13wU―@\x00R܋A!F\x12b\x04@aʷXL\x00Rq\n%Yz1sw@2X\x02Tš\x14HC(\x0bQ\x01S\x1c4sM{\x0f@*oF\x06x\x00Tej@ݥ6\tf<@\x7f)\x12\x00To\x1e]!@d\x01S@s]jIF\x00SA+\x03\\\rrR\x1a@{z\x17(G\x02Syy5\x00R\x1fk\x17>^n\t\x10@q,\x13m({\x00T};Dߵ\x1f@x\x00SL\x0cs\x11o\x035@Ƌh<8\x03S\x00S\x1114O\x01S#\'\nV\x03y\t@WV3\x00TB\x15\x12-5\x10@XF,ŒW\x00S\x00\'\x04%46@q\x05b\x00SH\x1b9}tO@c~BJ\x00Sq5!ev7@J`[\\\x02T[|pLO\x10w\t\'\x00R\x16;hV\x14/@s(r)\x00S-Z[8J*#@@\x1a7\x1a\x03T5\x06\x10\x0fP\x01S^mt}!\x16@BXTc\\\x00R\x14qz\x0e@O\x01Tr\r^\u07baXt@x\x00:\x01To^w\x19S@x\t\x08{v\x01Sq"\x18qf9@o\x12V\x05\x01T4%v\x0b\r"\x05\x01C@Ui+\x01Rq\n%Yz1sw@2X\x01To\x1e]!@d\x01S@s]jIF\x01R\x1fk\x17>^n\t\x10@q,\x13m({\x01S-Z[8J*#@@\x1a7\x1a'
>>> fbinary.decode("utf-8","ignore").split("\t")
['MPS7\x01\x00\x00\x00G\x00S', "'9gGEّ!@1.\x01Tmqj\x14Ի@", 'sj\x00SU \x0e$QN\x16\x00@bgSe6\x02R3yAC\x00Tr\r^\u07baXt@x\x00:\x01Tln\r@\x01\x13\x0c$L\x02S<\x02[\x10B}R\x00SZ\x10\x0c@dj\x00To^w\x19S@x', '\x08{v\x03Rҷcu \'\x01S)Cns@cU>y\x00Sͬ\x15\x12-5\x10@%N\x03TBR"aMo3j\x01T$[- S@䄋A\x02Tu\x12\x07', "^\x11p97K\x00S/?bl?\x1dt'@v\n|@\x02T|>76A=y\x00R\\E\x10x", '@qɒ\x03S"n\r\x00SwLsE@bA', '2\x03R-\x0cFJG\x00T', '\x1b\u05cds@\x18\x01T[m5ɮdu@\x01s\x15\x01S]][\x1c@\x0e:a\x02S\x0fll\r\x12vbb\x01T\\\x11N\x13VB@k,\x0bwS\x00Sq"\x18qf9@o\x12V\x05\x00T4%v\x0b\r"\x05\x01C@Ui+\x00Rs:>>J0V\x05@Kma.\x00T34\x13F@sA]9\x02R#\x19\x1cI0\x00SEguD!', "\x1b@֪\x1bE\x02Skt0\x124,\x1c\x00SGB!VLL@~\x01Թ\x1b{\x00TK~^\x1eEa@\x7f?R\x00T'", '{r\x12n@0  V\x03S\u07bf(tB-\x15N\x00S&', 'R\x11\x14T5@y', '\\ʟ\x00S:hJk2\x15Yv@qwط\x00S\x1b\x1akV\x1fW@dX|=[\x03To\x07\x13wU―@\x00R܋A!F\x12b\x04@aʷXL\x00Rq\n%Yz1sw@2X\x02Tš\x14HC(\x0bQ\x01S\x1c4sM{\x0f@*oF\x06x\x00Tej@ݥ6', 'f<@\x7f)\x12\x00To\x1e]!@d\x01S@s]jIF\x00SA+\x03\\\rrR\x1a@{z\x17(G\x02Syy5\x00R\x1fk\x17>^n', "\x10@q,\x13m({\x00T};Dߵ\x1f@x\x00SL\x0cs\x11o\x035@Ƌh<8\x03S\x00S\x1114O\x01S#'\nV\x03y", "@WV3\x00TB\x15\x12-5\x10@XF,ŒW\x00S\x00'\x04%46@q\x05b\x00SH\x1b9}tO@c~BJ\x00Sq5!ev7@J`[\\\x02T[|pLO\x10w", "'\x00R\x16;hV\x14/@s(r)\x00S-Z[8J*#@@\x1a7\x1a\x03T5\x06\x10\x0fP\x01S^mt}!\x16@BXTc\\\x00R\x14qz\x0e@O\x01Tr\r^\u07baXt@x\x00:\x01To^w\x19S@x", '\x08{v\x01Sq"\x18qf9@o\x12V\x05\x01T4%v\x0b\r"\x05\x01C@Ui+\x01Rq\n%Yz1sw@2X\x01To\x1e]!@d\x01S@s]jIF\x01R\x1fk\x17>^n', '\x10@q,\x13m({\x01S-Z[8J*#@@\x1a7\x1a']
>>> char()
Traceback (most recent call last):
  File "<pyshell#24>", line 1, in <module>
    char()
NameError: name 'char' is not defined
>>> chr(03)
SyntaxError: invalid token
>>> chr(0x03)
'\x03'
>>> fbinary.decode("utf-8","ignore").find(0x03)
Traceback (most recent call last):
  File "<pyshell#27>", line 1, in <module>
    fbinary.decode("utf-8","ignore").find(0x03)
TypeError: must be str, not int
>>> fbinary.decode("utf-8","ignore").find(chr(0x03))
108
>>> fbinary[106:]
b'\x01Tl\xee\xa5n\xbe\r\xe7\xc0\xf8\xf4\xf6@\x83\x01\x13\x0c$L\xda\x02S\xe8<\xba\x02[\x10B\x9c}R\xfd\x00S\xdd\xfc\xf4Z\xf9\xa8\x10\x8c\x0c\x9b\xee@dj\x81\xed\xe3\xee\xdf\x00To\xd5\xfe^\xb2\x9cw\x19\xafS\xba@x\t\xde\x08\xe0{v\x03R\xd2\xb7\xaec\x9fu\xa1 \xdc\xcb\'\x01S\x97\xce\xf9)\xe3\xc1\x98Cns\xda@cU>\xb4\x96y\xc8\x00S\xcd\xac\xdc\x15\x12\xc3\xf6\xa0-5\x10@\x8b\x93\xd3%\x84N\x95\x03TBR\xa1"aMo\xbe\xca3j\x01T$\x9e[-\x89\xc8 \xf5\xc3S\xcf@\x89\xe4\x84\x8b\xfa\xc9A\x02Tu\x12\x07\t\x82^\x11p97K\x00S\xc3/\xeb?\xcbbl?\x1dt\'@\x84v\xdf\xdb\n|@\x02T|\xfc>7\xab6A\xfe=\xeay\x00R\xc9\xc1\xd8\\E\x10x\x96\xf2\x96\t@q\xe4\xad\xf6\xc9\x92\xfa\x03S\x86"\xfan\xbe\r\xe7\xc0\xf8\xf4\xf6\x00S\xb5\xddwLs\x90\xeb\xb0E\x9c\xd3@\x89b\xf0A\xfe\t2\x03R\xef-\xab\x0c\x8cF\x94\xa5J\xf7G\x00T\t\xf3\xcb\x1b\xf9\x8b\xe2\xa9\xd7\x8ds@\x82\xc4\xc2\x18\x9f\xfb\xf0\x01T[m\xf45\xc9\xae\xc1d\xcfu\xfd@\x8d\xb5\xb8\x01s\x15\xff\x01S\xc8]\xfa]\xee\xf4\x8e\xe6[\x1c\xda@\x82\xa2\x0e\xfe:\x93a\x02S\xb8\xce\x0fll\r\x12v\xbebb\x01T\x92\xe5\\\x11N\xa6\xb6\xe9\x13VB@k\xc0,\xf6\x0bwS\x00S\xc2\xe9q"\x18\xccqf\xa89\x87@o\x12\xb7\xc2V\x05\xac\x00T4%\xcev\x0b\r"\x05\x01C\xa6@\x8d\xdaU\xf2i+\x99\x00R\xc9s\x81:\xae>>J0V\x05@\x8bK\x92ma.\x85\x00T3\xeb\x8b4\xb4\xa3\xc8\x13\xd3F\xb5@sA\xa1]\xfa9\x8e\x02R\xfc#\x19\x1cI\xb0\xbc\xf90\xb4\xe0\x00SE\xc6\xfdg\xaeuD!\t\x1b\xce@\x89\xd6\xaa\x1b\xf6E\x8a\x02Skt\x9a0\xc4\x12\xb54,\x1c\xdb\x00SG\xab\xacB!V\xc2L\x87L\xa3@~\x01\xd4\xb9\x1b{\xfd\x00TK~\xdd^\xf4\xe8\x1e\xdeEa\xad@\x80\xb6\xab\x7f?R\xb9\x00T\'\t{r\x12n\x84\xf0\xa7\xae\xc6@\x8f0\xf1  V\xd4\x03S\xde\xbf(t\xeaB\xaf\xc1-\x15N\x00S&\tR\x11\x94\x14\xe5T5\xcf\xfc@y\t\\\xca\x9f\xb5\xd2\x00S:hJk2\x15Y\xb4v\x97\xc6@qw\x86\xf8\xd8\xb7\xba\x00S\x1b\x1a\xafk\xa5\xaaV\xe6\xa5\x1fW@dX|\xb2=\xde[\x03To\x07\x13wU\xe2\x80\x95\x9e@\xfd\x00R\xdc\x8b\xeeA\x92!F\x12\x96b\x04@a\xca\xb7X\x8c\xccL\x00R\xd7q\n%Yz\x841sw\x88@\x83\xc92\x9fX\xae\x90\x02T\x8a\xc5\xa1\x14HC(\xe9\x0bQ\xa2\x01S\x1c4sM\xba{\x0f\x9d\xa1\xd7\xeb@\x87*oF\x06\x94x\x00Te\x94j@\xdd\xa56\tf<\xf1@\x7f\xd5\xcd)\x86\xd0\x12\x00To\xcd\x1e]!@d\x01\x81S\xda@s]j\x9bI\xf8F\x00SA+\xb9\x03\\\xa8\rrR\x1a\x90@{z\x94\xc7\x17(G\x02S\xd6y\xe8y\x97\x8c\x88\x84\xbc\x935\x00R\xf5\x1fk\x17>^n\t\xd0\xc9\x10@q,\x13m\xfc({\x00T}\xd5\xfb;D\xe0\xdf\xb5\x9c\x1f\xcb@x\x8d\xb1\xa0\xe7\xcf\xd2\x00S\xb2L\xb6\x0cs\x11o\x035\xca\xc7@\x82\xc6\x8bh\x92<8\x03S\x96\x00S\x11\xaf\xb41\xf6\xbd4O\x01S#\xa8\'\n\xf2V\x03\x83\xd1y\t@\x85W\xd0\xd5V\xaa3\x00T\x97B\x97\x15\x12\xc3\xf6\xa0-5\x10@X\xb5F,\xc5\x92W\x00S\xbe\x9a\xa5\x00\xd9\'\x04%\xc046@q\x05\x92\xa1\xfab\xe5\x00S\xc0H\x1b9\xe1\xd1}t\xa4O\x97@\x81c~\xf7\xd0BJ\x00S\xa7\xc4q5!e\xc1\x86v\x907@\x80\xcfJ`\xce[\\\x02T[|pLO\x95\x10w\t\xec\'\x00R\xd6\x16\x8a;h\x9aV\xe0\x14/\xb7@s\x97(r)\xe2\xeb\x00S-\xcdZ[8\x87J*#@\xe1@\x86\x1a\xb87\x1a\xf1\xea\x03T5\x06\xcc\x10\xca\xd4\xc6\x0f\x94\x90P\x01S^mt}!\xeb\xf5\xc8\x16\xce\xd2@\x81BXT\xb8c\\\x00R\xf5\x14qz\xf1\x95\x0e\x92\x9d\x89\xd3@\x8b\xd9\xe9\xe3\xedO\x82\x01Tr\r\xac^\xe2\xde\xba\xa8X\xbft@x\xdb\xd1\xf8\x00\xc4:\x01To\xd5\xfe^\xb2\x9cw\x19\xafS\xba@x\t\xde\x08\xe0{v\x01S\xc2\xe9q"\x18\xccqf\xa89\x87@o\x12\xb7\xc2V\x05\xac\x01T4%\xcev\x0b\r"\x05\x01C\xa6@\x8d\xdaU\xf2i+\x99\x01R\xd7q\n%Yz\x841sw\x88@\x83\xc92\x9fX\xae\x90\x01To\xcd\x1e]!@d\x01\x81S\xda@s]j\x9bI\xf8F\x01R\xf5\x1fk\x17>^n\t\xd0\xc9\x10@q,\x13m\xfc({\x01S-\xcdZ[8\x87J*#@\xe1@\x86\x1a\xb87\x1a\xf1\xea'
>>> fbinary
b'MPS7\x01\x00\x00\x00G\x00S\t\'\xd19gG\xc0E\xd9\x91!@\x82\xe21\xd6\xd7.\x8d\x01Tmqj\x14\xa2\xb0\xf5\xd4\xbb\x8f\xe2@\x89\xc9\ts\x81\x93j\x00SU\xf0 \x0e$\x8bQN\x16\x00\xe7@\x84\xe5bgSe6\x02R\xe1\xf4\xbb3\xaf\xd3yAC\x90\x89\x00Tr\r\xac^\xe2\xde\xba\xa8X\xbft@x\xdb\xd1\xf8\x00\xc4:\x01Tl\xee\xa5n\xbe\r\xe7\xc0\xf8\xf4\xf6@\x83\x01\x13\x0c$L\xda\x02S\xe8<\xba\x02[\x10B\x9c}R\xfd\x00S\xdd\xfc\xf4Z\xf9\xa8\x10\x8c\x0c\x9b\xee@dj\x81\xed\xe3\xee\xdf\x00To\xd5\xfe^\xb2\x9cw\x19\xafS\xba@x\t\xde\x08\xe0{v\x03R\xd2\xb7\xaec\x9fu\xa1 \xdc\xcb\'\x01S\x97\xce\xf9)\xe3\xc1\x98Cns\xda@cU>\xb4\x96y\xc8\x00S\xcd\xac\xdc\x15\x12\xc3\xf6\xa0-5\x10@\x8b\x93\xd3%\x84N\x95\x03TBR\xa1"aMo\xbe\xca3j\x01T$\x9e[-\x89\xc8 \xf5\xc3S\xcf@\x89\xe4\x84\x8b\xfa\xc9A\x02Tu\x12\x07\t\x82^\x11p97K\x00S\xc3/\xeb?\xcbbl?\x1dt\'@\x84v\xdf\xdb\n|@\x02T|\xfc>7\xab6A\xfe=\xeay\x00R\xc9\xc1\xd8\\E\x10x\x96\xf2\x96\t@q\xe4\xad\xf6\xc9\x92\xfa\x03S\x86"\xfan\xbe\r\xe7\xc0\xf8\xf4\xf6\x00S\xb5\xddwLs\x90\xeb\xb0E\x9c\xd3@\x89b\xf0A\xfe\t2\x03R\xef-\xab\x0c\x8cF\x94\xa5J\xf7G\x00T\t\xf3\xcb\x1b\xf9\x8b\xe2\xa9\xd7\x8ds@\x82\xc4\xc2\x18\x9f\xfb\xf0\x01T[m\xf45\xc9\xae\xc1d\xcfu\xfd@\x8d\xb5\xb8\x01s\x15\xff\x01S\xc8]\xfa]\xee\xf4\x8e\xe6[\x1c\xda@\x82\xa2\x0e\xfe:\x93a\x02S\xb8\xce\x0fll\r\x12v\xbebb\x01T\x92\xe5\\\x11N\xa6\xb6\xe9\x13VB@k\xc0,\xf6\x0bwS\x00S\xc2\xe9q"\x18\xccqf\xa89\x87@o\x12\xb7\xc2V\x05\xac\x00T4%\xcev\x0b\r"\x05\x01C\xa6@\x8d\xdaU\xf2i+\x99\x00R\xc9s\x81:\xae>>J0V\x05@\x8bK\x92ma.\x85\x00T3\xeb\x8b4\xb4\xa3\xc8\x13\xd3F\xb5@sA\xa1]\xfa9\x8e\x02R\xfc#\x19\x1cI\xb0\xbc\xf90\xb4\xe0\x00SE\xc6\xfdg\xaeuD!\t\x1b\xce@\x89\xd6\xaa\x1b\xf6E\x8a\x02Skt\x9a0\xc4\x12\xb54,\x1c\xdb\x00SG\xab\xacB!V\xc2L\x87L\xa3@~\x01\xd4\xb9\x1b{\xfd\x00TK~\xdd^\xf4\xe8\x1e\xdeEa\xad@\x80\xb6\xab\x7f?R\xb9\x00T\'\t{r\x12n\x84\xf0\xa7\xae\xc6@\x8f0\xf1  V\xd4\x03S\xde\xbf(t\xeaB\xaf\xc1-\x15N\x00S&\tR\x11\x94\x14\xe5T5\xcf\xfc@y\t\\\xca\x9f\xb5\xd2\x00S:hJk2\x15Y\xb4v\x97\xc6@qw\x86\xf8\xd8\xb7\xba\x00S\x1b\x1a\xafk\xa5\xaaV\xe6\xa5\x1fW@dX|\xb2=\xde[\x03To\x07\x13wU\xe2\x80\x95\x9e@\xfd\x00R\xdc\x8b\xeeA\x92!F\x12\x96b\x04@a\xca\xb7X\x8c\xccL\x00R\xd7q\n%Yz\x841sw\x88@\x83\xc92\x9fX\xae\x90\x02T\x8a\xc5\xa1\x14HC(\xe9\x0bQ\xa2\x01S\x1c4sM\xba{\x0f\x9d\xa1\xd7\xeb@\x87*oF\x06\x94x\x00Te\x94j@\xdd\xa56\tf<\xf1@\x7f\xd5\xcd)\x86\xd0\x12\x00To\xcd\x1e]!@d\x01\x81S\xda@s]j\x9bI\xf8F\x00SA+\xb9\x03\\\xa8\rrR\x1a\x90@{z\x94\xc7\x17(G\x02S\xd6y\xe8y\x97\x8c\x88\x84\xbc\x935\x00R\xf5\x1fk\x17>^n\t\xd0\xc9\x10@q,\x13m\xfc({\x00T}\xd5\xfb;D\xe0\xdf\xb5\x9c\x1f\xcb@x\x8d\xb1\xa0\xe7\xcf\xd2\x00S\xb2L\xb6\x0cs\x11o\x035\xca\xc7@\x82\xc6\x8bh\x92<8\x03S\x96\x00S\x11\xaf\xb41\xf6\xbd4O\x01S#\xa8\'\n\xf2V\x03\x83\xd1y\t@\x85W\xd0\xd5V\xaa3\x00T\x97B\x97\x15\x12\xc3\xf6\xa0-5\x10@X\xb5F,\xc5\x92W\x00S\xbe\x9a\xa5\x00\xd9\'\x04%\xc046@q\x05\x92\xa1\xfab\xe5\x00S\xc0H\x1b9\xe1\xd1}t\xa4O\x97@\x81c~\xf7\xd0BJ\x00S\xa7\xc4q5!e\xc1\x86v\x907@\x80\xcfJ`\xce[\\\x02T[|pLO\x95\x10w\t\xec\'\x00R\xd6\x16\x8a;h\x9aV\xe0\x14/\xb7@s\x97(r)\xe2\xeb\x00S-\xcdZ[8\x87J*#@\xe1@\x86\x1a\xb87\x1a\xf1\xea\x03T5\x06\xcc\x10\xca\xd4\xc6\x0f\x94\x90P\x01S^mt}!\xeb\xf5\xc8\x16\xce\xd2@\x81BXT\xb8c\\\x00R\xf5\x14qz\xf1\x95\x0e\x92\x9d\x89\xd3@\x8b\xd9\xe9\xe3\xedO\x82\x01Tr\r\xac^\xe2\xde\xba\xa8X\xbft@x\xdb\xd1\xf8\x00\xc4:\x01To\xd5\xfe^\xb2\x9cw\x19\xafS\xba@x\t\xde\x08\xe0{v\x01S\xc2\xe9q"\x18\xccqf\xa89\x87@o\x12\xb7\xc2V\x05\xac\x01T4%\xcev\x0b\r"\x05\x01C\xa6@\x8d\xdaU\xf2i+\x99\x01R\xd7q\n%Yz\x841sw\x88@\x83\xc92\x9fX\xae\x90\x01To\xcd\x1e]!@d\x01\x81S\xda@s]j\x9bI\xf8F\x01R\xf5\x1fk\x17>^n\t\xd0\xc9\x10@q,\x13m\xfc({\x01S-\xcdZ[8\x87J*#@\xe1@\x86\x1a\xb87\x1a\xf1\xea'
>>> import struct
>>> struct.unpack('uint32',fbinary)
Traceback (most recent call last):
  File "<pyshell#32>", line 1, in <module>
    struct.unpack('uint32',fbinary)
struct.error: bad char in struct format
>>> struct.unpack('uint64',fbinary)
Traceback (most recent call last):
  File "<pyshell#33>", line 1, in <module>
    struct.unpack('uint64',fbinary)
struct.error: bad char in struct format
>>> chr('|')
Traceback (most recent call last):
  File "<pyshell#34>", line 1, in <module>
    chr('|')
TypeError: an integer is required (got type str)
>>> ord('|')
124
>>> chr(0x124)
'Ĥ'
>>> struct.calcsize('s')
1
>>> struct.calcsize('uint32')
Traceback (most recent call last):
  File "<pyshell#38>", line 1, in <module>
    struct.calcsize('uint32')
struct.error: bad char in struct format
>>> struct.calcsize('I')
4
>>> binary[8:]
Traceback (most recent call last):
  File "<pyshell#40>", line 1, in <module>
    binary[8:]
NameError: name 'binary' is not defined
>>> fbinary[8:]
b'G\x00S\t\'\xd19gG\xc0E\xd9\x91!@\x82\xe21\xd6\xd7.\x8d\x01Tmqj\x14\xa2\xb0\xf5\xd4\xbb\x8f\xe2@\x89\xc9\ts\x81\x93j\x00SU\xf0 \x0e$\x8bQN\x16\x00\xe7@\x84\xe5bgSe6\x02R\xe1\xf4\xbb3\xaf\xd3yAC\x90\x89\x00Tr\r\xac^\xe2\xde\xba\xa8X\xbft@x\xdb\xd1\xf8\x00\xc4:\x01Tl\xee\xa5n\xbe\r\xe7\xc0\xf8\xf4\xf6@\x83\x01\x13\x0c$L\xda\x02S\xe8<\xba\x02[\x10B\x9c}R\xfd\x00S\xdd\xfc\xf4Z\xf9\xa8\x10\x8c\x0c\x9b\xee@dj\x81\xed\xe3\xee\xdf\x00To\xd5\xfe^\xb2\x9cw\x19\xafS\xba@x\t\xde\x08\xe0{v\x03R\xd2\xb7\xaec\x9fu\xa1 \xdc\xcb\'\x01S\x97\xce\xf9)\xe3\xc1\x98Cns\xda@cU>\xb4\x96y\xc8\x00S\xcd\xac\xdc\x15\x12\xc3\xf6\xa0-5\x10@\x8b\x93\xd3%\x84N\x95\x03TBR\xa1"aMo\xbe\xca3j\x01T$\x9e[-\x89\xc8 \xf5\xc3S\xcf@\x89\xe4\x84\x8b\xfa\xc9A\x02Tu\x12\x07\t\x82^\x11p97K\x00S\xc3/\xeb?\xcbbl?\x1dt\'@\x84v\xdf\xdb\n|@\x02T|\xfc>7\xab6A\xfe=\xeay\x00R\xc9\xc1\xd8\\E\x10x\x96\xf2\x96\t@q\xe4\xad\xf6\xc9\x92\xfa\x03S\x86"\xfan\xbe\r\xe7\xc0\xf8\xf4\xf6\x00S\xb5\xddwLs\x90\xeb\xb0E\x9c\xd3@\x89b\xf0A\xfe\t2\x03R\xef-\xab\x0c\x8cF\x94\xa5J\xf7G\x00T\t\xf3\xcb\x1b\xf9\x8b\xe2\xa9\xd7\x8ds@\x82\xc4\xc2\x18\x9f\xfb\xf0\x01T[m\xf45\xc9\xae\xc1d\xcfu\xfd@\x8d\xb5\xb8\x01s\x15\xff\x01S\xc8]\xfa]\xee\xf4\x8e\xe6[\x1c\xda@\x82\xa2\x0e\xfe:\x93a\x02S\xb8\xce\x0fll\r\x12v\xbebb\x01T\x92\xe5\\\x11N\xa6\xb6\xe9\x13VB@k\xc0,\xf6\x0bwS\x00S\xc2\xe9q"\x18\xccqf\xa89\x87@o\x12\xb7\xc2V\x05\xac\x00T4%\xcev\x0b\r"\x05\x01C\xa6@\x8d\xdaU\xf2i+\x99\x00R\xc9s\x81:\xae>>J0V\x05@\x8bK\x92ma.\x85\x00T3\xeb\x8b4\xb4\xa3\xc8\x13\xd3F\xb5@sA\xa1]\xfa9\x8e\x02R\xfc#\x19\x1cI\xb0\xbc\xf90\xb4\xe0\x00SE\xc6\xfdg\xaeuD!\t\x1b\xce@\x89\xd6\xaa\x1b\xf6E\x8a\x02Skt\x9a0\xc4\x12\xb54,\x1c\xdb\x00SG\xab\xacB!V\xc2L\x87L\xa3@~\x01\xd4\xb9\x1b{\xfd\x00TK~\xdd^\xf4\xe8\x1e\xdeEa\xad@\x80\xb6\xab\x7f?R\xb9\x00T\'\t{r\x12n\x84\xf0\xa7\xae\xc6@\x8f0\xf1  V\xd4\x03S\xde\xbf(t\xeaB\xaf\xc1-\x15N\x00S&\tR\x11\x94\x14\xe5T5\xcf\xfc@y\t\\\xca\x9f\xb5\xd2\x00S:hJk2\x15Y\xb4v\x97\xc6@qw\x86\xf8\xd8\xb7\xba\x00S\x1b\x1a\xafk\xa5\xaaV\xe6\xa5\x1fW@dX|\xb2=\xde[\x03To\x07\x13wU\xe2\x80\x95\x9e@\xfd\x00R\xdc\x8b\xeeA\x92!F\x12\x96b\x04@a\xca\xb7X\x8c\xccL\x00R\xd7q\n%Yz\x841sw\x88@\x83\xc92\x9fX\xae\x90\x02T\x8a\xc5\xa1\x14HC(\xe9\x0bQ\xa2\x01S\x1c4sM\xba{\x0f\x9d\xa1\xd7\xeb@\x87*oF\x06\x94x\x00Te\x94j@\xdd\xa56\tf<\xf1@\x7f\xd5\xcd)\x86\xd0\x12\x00To\xcd\x1e]!@d\x01\x81S\xda@s]j\x9bI\xf8F\x00SA+\xb9\x03\\\xa8\rrR\x1a\x90@{z\x94\xc7\x17(G\x02S\xd6y\xe8y\x97\x8c\x88\x84\xbc\x935\x00R\xf5\x1fk\x17>^n\t\xd0\xc9\x10@q,\x13m\xfc({\x00T}\xd5\xfb;D\xe0\xdf\xb5\x9c\x1f\xcb@x\x8d\xb1\xa0\xe7\xcf\xd2\x00S\xb2L\xb6\x0cs\x11o\x035\xca\xc7@\x82\xc6\x8bh\x92<8\x03S\x96\x00S\x11\xaf\xb41\xf6\xbd4O\x01S#\xa8\'\n\xf2V\x03\x83\xd1y\t@\x85W\xd0\xd5V\xaa3\x00T\x97B\x97\x15\x12\xc3\xf6\xa0-5\x10@X\xb5F,\xc5\x92W\x00S\xbe\x9a\xa5\x00\xd9\'\x04%\xc046@q\x05\x92\xa1\xfab\xe5\x00S\xc0H\x1b9\xe1\xd1}t\xa4O\x97@\x81c~\xf7\xd0BJ\x00S\xa7\xc4q5!e\xc1\x86v\x907@\x80\xcfJ`\xce[\\\x02T[|pLO\x95\x10w\t\xec\'\x00R\xd6\x16\x8a;h\x9aV\xe0\x14/\xb7@s\x97(r)\xe2\xeb\x00S-\xcdZ[8\x87J*#@\xe1@\x86\x1a\xb87\x1a\xf1\xea\x03T5\x06\xcc\x10\xca\xd4\xc6\x0f\x94\x90P\x01S^mt}!\xeb\xf5\xc8\x16\xce\xd2@\x81BXT\xb8c\\\x00R\xf5\x14qz\xf1\x95\x0e\x92\x9d\x89\xd3@\x8b\xd9\xe9\xe3\xedO\x82\x01Tr\r\xac^\xe2\xde\xba\xa8X\xbft@x\xdb\xd1\xf8\x00\xc4:\x01To\xd5\xfe^\xb2\x9cw\x19\xafS\xba@x\t\xde\x08\xe0{v\x01S\xc2\xe9q"\x18\xccqf\xa89\x87@o\x12\xb7\xc2V\x05\xac\x01T4%\xcev\x0b\r"\x05\x01C\xa6@\x8d\xdaU\xf2i+\x99\x01R\xd7q\n%Yz\x841sw\x88@\x83\xc92\x9fX\xae\x90\x01To\xcd\x1e]!@d\x01\x81S\xda@s]j\x9bI\xf8F\x01R\xf5\x1fk\x17>^n\t\xd0\xc9\x10@q,\x13m\xfc({\x01S-\xcdZ[8\x87J*#@\xe1@\x86\x1a\xb87\x1a\xf1\xea'
>>> fbinary[9:]
b'\x00S\t\'\xd19gG\xc0E\xd9\x91!@\x82\xe21\xd6\xd7.\x8d\x01Tmqj\x14\xa2\xb0\xf5\xd4\xbb\x8f\xe2@\x89\xc9\ts\x81\x93j\x00SU\xf0 \x0e$\x8bQN\x16\x00\xe7@\x84\xe5bgSe6\x02R\xe1\xf4\xbb3\xaf\xd3yAC\x90\x89\x00Tr\r\xac^\xe2\xde\xba\xa8X\xbft@x\xdb\xd1\xf8\x00\xc4:\x01Tl\xee\xa5n\xbe\r\xe7\xc0\xf8\xf4\xf6@\x83\x01\x13\x0c$L\xda\x02S\xe8<\xba\x02[\x10B\x9c}R\xfd\x00S\xdd\xfc\xf4Z\xf9\xa8\x10\x8c\x0c\x9b\xee@dj\x81\xed\xe3\xee\xdf\x00To\xd5\xfe^\xb2\x9cw\x19\xafS\xba@x\t\xde\x08\xe0{v\x03R\xd2\xb7\xaec\x9fu\xa1 \xdc\xcb\'\x01S\x97\xce\xf9)\xe3\xc1\x98Cns\xda@cU>\xb4\x96y\xc8\x00S\xcd\xac\xdc\x15\x12\xc3\xf6\xa0-5\x10@\x8b\x93\xd3%\x84N\x95\x03TBR\xa1"aMo\xbe\xca3j\x01T$\x9e[-\x89\xc8 \xf5\xc3S\xcf@\x89\xe4\x84\x8b\xfa\xc9A\x02Tu\x12\x07\t\x82^\x11p97K\x00S\xc3/\xeb?\xcbbl?\x1dt\'@\x84v\xdf\xdb\n|@\x02T|\xfc>7\xab6A\xfe=\xeay\x00R\xc9\xc1\xd8\\E\x10x\x96\xf2\x96\t@q\xe4\xad\xf6\xc9\x92\xfa\x03S\x86"\xfan\xbe\r\xe7\xc0\xf8\xf4\xf6\x00S\xb5\xddwLs\x90\xeb\xb0E\x9c\xd3@\x89b\xf0A\xfe\t2\x03R\xef-\xab\x0c\x8cF\x94\xa5J\xf7G\x00T\t\xf3\xcb\x1b\xf9\x8b\xe2\xa9\xd7\x8ds@\x82\xc4\xc2\x18\x9f\xfb\xf0\x01T[m\xf45\xc9\xae\xc1d\xcfu\xfd@\x8d\xb5\xb8\x01s\x15\xff\x01S\xc8]\xfa]\xee\xf4\x8e\xe6[\x1c\xda@\x82\xa2\x0e\xfe:\x93a\x02S\xb8\xce\x0fll\r\x12v\xbebb\x01T\x92\xe5\\\x11N\xa6\xb6\xe9\x13VB@k\xc0,\xf6\x0bwS\x00S\xc2\xe9q"\x18\xccqf\xa89\x87@o\x12\xb7\xc2V\x05\xac\x00T4%\xcev\x0b\r"\x05\x01C\xa6@\x8d\xdaU\xf2i+\x99\x00R\xc9s\x81:\xae>>J0V\x05@\x8bK\x92ma.\x85\x00T3\xeb\x8b4\xb4\xa3\xc8\x13\xd3F\xb5@sA\xa1]\xfa9\x8e\x02R\xfc#\x19\x1cI\xb0\xbc\xf90\xb4\xe0\x00SE\xc6\xfdg\xaeuD!\t\x1b\xce@\x89\xd6\xaa\x1b\xf6E\x8a\x02Skt\x9a0\xc4\x12\xb54,\x1c\xdb\x00SG\xab\xacB!V\xc2L\x87L\xa3@~\x01\xd4\xb9\x1b{\xfd\x00TK~\xdd^\xf4\xe8\x1e\xdeEa\xad@\x80\xb6\xab\x7f?R\xb9\x00T\'\t{r\x12n\x84\xf0\xa7\xae\xc6@\x8f0\xf1  V\xd4\x03S\xde\xbf(t\xeaB\xaf\xc1-\x15N\x00S&\tR\x11\x94\x14\xe5T5\xcf\xfc@y\t\\\xca\x9f\xb5\xd2\x00S:hJk2\x15Y\xb4v\x97\xc6@qw\x86\xf8\xd8\xb7\xba\x00S\x1b\x1a\xafk\xa5\xaaV\xe6\xa5\x1fW@dX|\xb2=\xde[\x03To\x07\x13wU\xe2\x80\x95\x9e@\xfd\x00R\xdc\x8b\xeeA\x92!F\x12\x96b\x04@a\xca\xb7X\x8c\xccL\x00R\xd7q\n%Yz\x841sw\x88@\x83\xc92\x9fX\xae\x90\x02T\x8a\xc5\xa1\x14HC(\xe9\x0bQ\xa2\x01S\x1c4sM\xba{\x0f\x9d\xa1\xd7\xeb@\x87*oF\x06\x94x\x00Te\x94j@\xdd\xa56\tf<\xf1@\x7f\xd5\xcd)\x86\xd0\x12\x00To\xcd\x1e]!@d\x01\x81S\xda@s]j\x9bI\xf8F\x00SA+\xb9\x03\\\xa8\rrR\x1a\x90@{z\x94\xc7\x17(G\x02S\xd6y\xe8y\x97\x8c\x88\x84\xbc\x935\x00R\xf5\x1fk\x17>^n\t\xd0\xc9\x10@q,\x13m\xfc({\x00T}\xd5\xfb;D\xe0\xdf\xb5\x9c\x1f\xcb@x\x8d\xb1\xa0\xe7\xcf\xd2\x00S\xb2L\xb6\x0cs\x11o\x035\xca\xc7@\x82\xc6\x8bh\x92<8\x03S\x96\x00S\x11\xaf\xb41\xf6\xbd4O\x01S#\xa8\'\n\xf2V\x03\x83\xd1y\t@\x85W\xd0\xd5V\xaa3\x00T\x97B\x97\x15\x12\xc3\xf6\xa0-5\x10@X\xb5F,\xc5\x92W\x00S\xbe\x9a\xa5\x00\xd9\'\x04%\xc046@q\x05\x92\xa1\xfab\xe5\x00S\xc0H\x1b9\xe1\xd1}t\xa4O\x97@\x81c~\xf7\xd0BJ\x00S\xa7\xc4q5!e\xc1\x86v\x907@\x80\xcfJ`\xce[\\\x02T[|pLO\x95\x10w\t\xec\'\x00R\xd6\x16\x8a;h\x9aV\xe0\x14/\xb7@s\x97(r)\xe2\xeb\x00S-\xcdZ[8\x87J*#@\xe1@\x86\x1a\xb87\x1a\xf1\xea\x03T5\x06\xcc\x10\xca\xd4\xc6\x0f\x94\x90P\x01S^mt}!\xeb\xf5\xc8\x16\xce\xd2@\x81BXT\xb8c\\\x00R\xf5\x14qz\xf1\x95\x0e\x92\x9d\x89\xd3@\x8b\xd9\xe9\xe3\xedO\x82\x01Tr\r\xac^\xe2\xde\xba\xa8X\xbft@x\xdb\xd1\xf8\x00\xc4:\x01To\xd5\xfe^\xb2\x9cw\x19\xafS\xba@x\t\xde\x08\xe0{v\x01S\xc2\xe9q"\x18\xccqf\xa89\x87@o\x12\xb7\xc2V\x05\xac\x01T4%\xcev\x0b\r"\x05\x01C\xa6@\x8d\xdaU\xf2i+\x99\x01R\xd7q\n%Yz\x841sw\x88@\x83\xc92\x9fX\xae\x90\x01To\xcd\x1e]!@d\x01\x81S\xda@s]j\x9bI\xf8F\x01R\xf5\x1fk\x17>^n\t\xd0\xc9\x10@q,\x13m\xfc({\x01S-\xcdZ[8\x87J*#@\xe1@\x86\x1a\xb87\x1a\xf1\xea'
>>> struct.unpack(fbinary[10:11],'b)
	      
SyntaxError: EOL while scanning string literal
>>> struct.unpack(fbinary[10:11],'b')
Traceback (most recent call last):
  File "<pyshell#44>", line 1, in <module>
    struct.unpack(fbinary[10:11],'b')
struct.error: bad char in struct format
>>> struct.unpack(fbinary[9:10],'b')
Traceback (most recent call last):
  File "<pyshell#45>", line 1, in <module>
    struct.unpack(fbinary[9:10],'b')
TypeError: a bytes-like object is required, not 'str'
>>> fbinary.decode("utf-8","ignore")
'MPS7\x01\x00\x00\x00G\x00S\t\'9gGEّ!@1.\x01Tmqj\x14Ի@\tsj\x00SU \x0e$QN\x16\x00@bgSe6\x02R3yAC\x00Tr\r^\u07baXt@x\x00:\x01Tln\r@\x01\x13\x0c$L\x02S<\x02[\x10B}R\x00SZ\x10\x0c@dj\x00To^w\x19S@x\t\x08{v\x03Rҷcu \'\x01S)Cns@cU>y\x00Sͬ\x15\x12-5\x10@%N\x03TBR"aMo3j\x01T$[- S@䄋A\x02Tu\x12\x07\t^\x11p97K\x00S/?bl?\x1dt\'@v\n|@\x02T|>76A=y\x00R\\E\x10x\t@qɒ\x03S"n\r\x00SwLsE@bA\t2\x03R-\x0cFJG\x00T\t\x1b\u05cds@\x18\x01T[m5ɮdu@\x01s\x15\x01S]][\x1c@\x0e:a\x02S\x0fll\r\x12vbb\x01T\\\x11N\x13VB@k,\x0bwS\x00Sq"\x18qf9@o\x12V\x05\x00T4%v\x0b\r"\x05\x01C@Ui+\x00Rs:>>J0V\x05@Kma.\x00T34\x13F@sA]9\x02R#\x19\x1cI0\x00SEguD!\t\x1b@֪\x1bE\x02Skt0\x124,\x1c\x00SGB!VLL@~\x01Թ\x1b{\x00TK~^\x1eEa@\x7f?R\x00T\'\t{r\x12n@0  V\x03S\u07bf(tB-\x15N\x00S&\tR\x11\x14T5@y\t\\ʟ\x00S:hJk2\x15Yv@qwط\x00S\x1b\x1akV\x1fW@dX|=[\x03To\x07\x13wU―@\x00R܋A!F\x12b\x04@aʷXL\x00Rq\n%Yz1sw@2X\x02Tš\x14HC(\x0bQ\x01S\x1c4sM{\x0f@*oF\x06x\x00Tej@ݥ6\tf<@\x7f)\x12\x00To\x1e]!@d\x01S@s]jIF\x00SA+\x03\\\rrR\x1a@{z\x17(G\x02Syy5\x00R\x1fk\x17>^n\t\x10@q,\x13m({\x00T};Dߵ\x1f@x\x00SL\x0cs\x11o\x035@Ƌh<8\x03S\x00S\x1114O\x01S#\'\nV\x03y\t@WV3\x00TB\x15\x12-5\x10@XF,ŒW\x00S\x00\'\x04%46@q\x05b\x00SH\x1b9}tO@c~BJ\x00Sq5!ev7@J`[\\\x02T[|pLO\x10w\t\'\x00R\x16;hV\x14/@s(r)\x00S-Z[8J*#@@\x1a7\x1a\x03T5\x06\x10\x0fP\x01S^mt}!\x16@BXTc\\\x00R\x14qz\x0e@O\x01Tr\r^\u07baXt@x\x00:\x01To^w\x19S@x\t\x08{v\x01Sq"\x18qf9@o\x12V\x05\x01T4%v\x0b\r"\x05\x01C@Ui+\x01Rq\n%Yz1sw@2X\x01To\x1e]!@d\x01S@s]jIF\x01R\x1fk\x17>^n\t\x10@q,\x13m({\x01S-Z[8J*#@@\x1a7\x1a'
>>> 
KeyboardInterrupt
>>> struct.unpack(fbinary.decode('utf-8','ignore')[9:10],'b')
Traceback (most recent call last):
  File "<pyshell#47>", line 1, in <module>
    struct.unpack(fbinary.decode('utf-8','ignore')[9:10],'b')
TypeError: a bytes-like object is required, not 'str'
>>> 
KeyboardInterrupt
>>> struct.unpack(fbinary.decode('utf-8','ignore')[9],'b')
Traceback (most recent call last):
  File "<pyshell#48>", line 1, in <module>
    struct.unpack(fbinary.decode('utf-8','ignore')[9],'b')
TypeError: a bytes-like object is required, not 'str'
>>> fbinary
b'MPS7\x01\x00\x00\x00G\x00S\t\'\xd19gG\xc0E\xd9\x91!@\x82\xe21\xd6\xd7.\x8d\x01Tmqj\x14\xa2\xb0\xf5\xd4\xbb\x8f\xe2@\x89\xc9\ts\x81\x93j\x00SU\xf0 \x0e$\x8bQN\x16\x00\xe7@\x84\xe5bgSe6\x02R\xe1\xf4\xbb3\xaf\xd3yAC\x90\x89\x00Tr\r\xac^\xe2\xde\xba\xa8X\xbft@x\xdb\xd1\xf8\x00\xc4:\x01Tl\xee\xa5n\xbe\r\xe7\xc0\xf8\xf4\xf6@\x83\x01\x13\x0c$L\xda\x02S\xe8<\xba\x02[\x10B\x9c}R\xfd\x00S\xdd\xfc\xf4Z\xf9\xa8\x10\x8c\x0c\x9b\xee@dj\x81\xed\xe3\xee\xdf\x00To\xd5\xfe^\xb2\x9cw\x19\xafS\xba@x\t\xde\x08\xe0{v\x03R\xd2\xb7\xaec\x9fu\xa1 \xdc\xcb\'\x01S\x97\xce\xf9)\xe3\xc1\x98Cns\xda@cU>\xb4\x96y\xc8\x00S\xcd\xac\xdc\x15\x12\xc3\xf6\xa0-5\x10@\x8b\x93\xd3%\x84N\x95\x03TBR\xa1"aMo\xbe\xca3j\x01T$\x9e[-\x89\xc8 \xf5\xc3S\xcf@\x89\xe4\x84\x8b\xfa\xc9A\x02Tu\x12\x07\t\x82^\x11p97K\x00S\xc3/\xeb?\xcbbl?\x1dt\'@\x84v\xdf\xdb\n|@\x02T|\xfc>7\xab6A\xfe=\xeay\x00R\xc9\xc1\xd8\\E\x10x\x96\xf2\x96\t@q\xe4\xad\xf6\xc9\x92\xfa\x03S\x86"\xfan\xbe\r\xe7\xc0\xf8\xf4\xf6\x00S\xb5\xddwLs\x90\xeb\xb0E\x9c\xd3@\x89b\xf0A\xfe\t2\x03R\xef-\xab\x0c\x8cF\x94\xa5J\xf7G\x00T\t\xf3\xcb\x1b\xf9\x8b\xe2\xa9\xd7\x8ds@\x82\xc4\xc2\x18\x9f\xfb\xf0\x01T[m\xf45\xc9\xae\xc1d\xcfu\xfd@\x8d\xb5\xb8\x01s\x15\xff\x01S\xc8]\xfa]\xee\xf4\x8e\xe6[\x1c\xda@\x82\xa2\x0e\xfe:\x93a\x02S\xb8\xce\x0fll\r\x12v\xbebb\x01T\x92\xe5\\\x11N\xa6\xb6\xe9\x13VB@k\xc0,\xf6\x0bwS\x00S\xc2\xe9q"\x18\xccqf\xa89\x87@o\x12\xb7\xc2V\x05\xac\x00T4%\xcev\x0b\r"\x05\x01C\xa6@\x8d\xdaU\xf2i+\x99\x00R\xc9s\x81:\xae>>J0V\x05@\x8bK\x92ma.\x85\x00T3\xeb\x8b4\xb4\xa3\xc8\x13\xd3F\xb5@sA\xa1]\xfa9\x8e\x02R\xfc#\x19\x1cI\xb0\xbc\xf90\xb4\xe0\x00SE\xc6\xfdg\xaeuD!\t\x1b\xce@\x89\xd6\xaa\x1b\xf6E\x8a\x02Skt\x9a0\xc4\x12\xb54,\x1c\xdb\x00SG\xab\xacB!V\xc2L\x87L\xa3@~\x01\xd4\xb9\x1b{\xfd\x00TK~\xdd^\xf4\xe8\x1e\xdeEa\xad@\x80\xb6\xab\x7f?R\xb9\x00T\'\t{r\x12n\x84\xf0\xa7\xae\xc6@\x8f0\xf1  V\xd4\x03S\xde\xbf(t\xeaB\xaf\xc1-\x15N\x00S&\tR\x11\x94\x14\xe5T5\xcf\xfc@y\t\\\xca\x9f\xb5\xd2\x00S:hJk2\x15Y\xb4v\x97\xc6@qw\x86\xf8\xd8\xb7\xba\x00S\x1b\x1a\xafk\xa5\xaaV\xe6\xa5\x1fW@dX|\xb2=\xde[\x03To\x07\x13wU\xe2\x80\x95\x9e@\xfd\x00R\xdc\x8b\xeeA\x92!F\x12\x96b\x04@a\xca\xb7X\x8c\xccL\x00R\xd7q\n%Yz\x841sw\x88@\x83\xc92\x9fX\xae\x90\x02T\x8a\xc5\xa1\x14HC(\xe9\x0bQ\xa2\x01S\x1c4sM\xba{\x0f\x9d\xa1\xd7\xeb@\x87*oF\x06\x94x\x00Te\x94j@\xdd\xa56\tf<\xf1@\x7f\xd5\xcd)\x86\xd0\x12\x00To\xcd\x1e]!@d\x01\x81S\xda@s]j\x9bI\xf8F\x00SA+\xb9\x03\\\xa8\rrR\x1a\x90@{z\x94\xc7\x17(G\x02S\xd6y\xe8y\x97\x8c\x88\x84\xbc\x935\x00R\xf5\x1fk\x17>^n\t\xd0\xc9\x10@q,\x13m\xfc({\x00T}\xd5\xfb;D\xe0\xdf\xb5\x9c\x1f\xcb@x\x8d\xb1\xa0\xe7\xcf\xd2\x00S\xb2L\xb6\x0cs\x11o\x035\xca\xc7@\x82\xc6\x8bh\x92<8\x03S\x96\x00S\x11\xaf\xb41\xf6\xbd4O\x01S#\xa8\'\n\xf2V\x03\x83\xd1y\t@\x85W\xd0\xd5V\xaa3\x00T\x97B\x97\x15\x12\xc3\xf6\xa0-5\x10@X\xb5F,\xc5\x92W\x00S\xbe\x9a\xa5\x00\xd9\'\x04%\xc046@q\x05\x92\xa1\xfab\xe5\x00S\xc0H\x1b9\xe1\xd1}t\xa4O\x97@\x81c~\xf7\xd0BJ\x00S\xa7\xc4q5!e\xc1\x86v\x907@\x80\xcfJ`\xce[\\\x02T[|pLO\x95\x10w\t\xec\'\x00R\xd6\x16\x8a;h\x9aV\xe0\x14/\xb7@s\x97(r)\xe2\xeb\x00S-\xcdZ[8\x87J*#@\xe1@\x86\x1a\xb87\x1a\xf1\xea\x03T5\x06\xcc\x10\xca\xd4\xc6\x0f\x94\x90P\x01S^mt}!\xeb\xf5\xc8\x16\xce\xd2@\x81BXT\xb8c\\\x00R\xf5\x14qz\xf1\x95\x0e\x92\x9d\x89\xd3@\x8b\xd9\xe9\xe3\xedO\x82\x01Tr\r\xac^\xe2\xde\xba\xa8X\xbft@x\xdb\xd1\xf8\x00\xc4:\x01To\xd5\xfe^\xb2\x9cw\x19\xafS\xba@x\t\xde\x08\xe0{v\x01S\xc2\xe9q"\x18\xccqf\xa89\x87@o\x12\xb7\xc2V\x05\xac\x01T4%\xcev\x0b\r"\x05\x01C\xa6@\x8d\xdaU\xf2i+\x99\x01R\xd7q\n%Yz\x841sw\x88@\x83\xc92\x9fX\xae\x90\x01To\xcd\x1e]!@d\x01\x81S\xda@s]j\x9bI\xf8F\x01R\xf5\x1fk\x17>^n\t\xd0\xc9\x10@q,\x13m\xfc({\x01S-\xcdZ[8\x87J*#@\xe1@\x86\x1a\xb87\x1a\xf1\xea'
>>> dir(fbinary)
['__add__', '__class__', '__contains__', '__delattr__', '__dir__', '__doc__', '__eq__', '__format__', '__ge__', '__getattribute__', '__getitem__', '__getnewargs__', '__gt__', '__hash__', '__init__', '__init_subclass__', '__iter__', '__le__', '__len__', '__lt__', '__mod__', '__mul__', '__ne__', '__new__', '__reduce__', '__reduce_ex__', '__repr__', '__rmod__', '__rmul__', '__setattr__', '__sizeof__', '__str__', '__subclasshook__', 'capitalize', 'center', 'count', 'decode', 'endswith', 'expandtabs', 'find', 'fromhex', 'hex', 'index', 'isalnum', 'isalpha', 'isascii', 'isdigit', 'islower', 'isspace', 'istitle', 'isupper', 'join', 'ljust', 'lower', 'lstrip', 'maketrans', 'partition', 'replace', 'rfind', 'rindex', 'rjust', 'rpartition', 'rsplit', 'rstrip', 'split', 'splitlines', 'startswith', 'strip', 'swapcase', 'title', 'translate', 'upper', 'zfill']
>>> fbinary.decode("base64")
Traceback (most recent call last):
  File "<pyshell#51>", line 1, in <module>
    fbinary.decode("base64")
LookupError: 'base64' is not a text encoding; use codecs.decode() to handle arbitrary codecs
>>> fbinary.decode('base64')
Traceback (most recent call last):
  File "<pyshell#52>", line 1, in <module>
    fbinary.decode('base64')
LookupError: 'base64' is not a text encoding; use codecs.decode() to handle arbitrary codecs
>>> import base64
>>> base64.b64decode(fbinary)
Traceback (most recent call last):
  File "<pyshell#54>", line 1, in <module>
    base64.b64decode(fbinary)
  File "C:\Users\AndrewsE\AppData\Local\Programs\Python\Python37\lib\base64.py", line 87, in b64decode
    return binascii.a2b_base64(s)
binascii.Error: Incorrect padding
>>> base64.b64encode(fbinary)
b'TVBTNwEAAABHAFMJJ9E5Z0fARdmRIUCC4jHW1y6NAVRtcWoUorD11LuP4kCJyQlzgZNqAFNV8CAOJItRThYA50CE5WJnU2U2AlLh9Lszr9N5QUOQiQBUcg2sXuLeuqhYv3RAeNvR+ADEOgFUbO6lbr4N58D49PZAgwETDCRM2gJT6Dy6AlsQQpx9Uv0AU9389Fr5qBCMDJvuQGRqge3j7t8AVG/V/l6ynHcZr1O6QHgJ3gjge3YDUtK3rmOfdaEg3MsnAVOXzvkp48GYQ25z2kBjVT60lnnIAFPNrNwVEsP2oC01EECLk9MlhE6VA1RCUqEiYU1vvsozagFUJJ5bLYnIIPXDU89AieSEi/rJQQJUdRIHCYJeEXA5N0sAU8Mv6z/LYmw/HXQnQIR239sKfEACVHz8PjerNkH+Pep5AFLJwdhcRRB4lvKWCUBx5K32yZL6A1OGIvpuvg3nwPj09gBTtd13THOQ67BFnNNAiWLwQf4JMgNS7y2rDIxGlKVK90cAVAnzyxv5i+Kp141zQILEwhif+/ABVFtt9DXJrsFkz3X9QI21uAFzFf8BU8hd+l3u9I7mWxzaQIKiDv46k2ECU7jOD2xsDRJ2vmJiAVSS5VwRTqa26RNWQkBrwCz2C3dTAFPC6XEiGMxxZqg5h0BvErfCVgWsAFQ0Jc52Cw0iBQFDpkCN2lXyaSuZAFLJc4E6rj4+SjBWBUCLS5JtYS6FAFQz64s0tKPIE9NGtUBzQaFd+jmOAlL8IxkcSbC8+TC04ABTRcb9Z651RCEJG85AidaqG/ZFigJTa3SaMMQStTQsHNsAU0errEIhVsJMh0yjQH4B1Lkbe/0AVEt+3V706B7eRWGtQIC2q38/UrkAVCcJe3ISboTwp67GQI8w8SAgVtQDU96/KHTqQq/BLRVOAFMmCVIRlBTlVDXP/EB5CVzKn7XSAFM6aEprMhVZtHaXxkBxd4b42Le6AFMbGq9rpapW5qUfV0BkWHyyPd5bA1RvBxN3VeKAlZ5A/QBS3IvuQZIhRhKWYgRAYcq3WIzMTABS13EKJVl6hDFzd4hAg8kyn1iukAJUisWhFEhDKOkLUaIBUxw0c026ew+dodfrQIcqb0YGlHgAVGWUakDdpTYJZjzxQH/VzSmG0BIAVG/NHl0hQGQBgVPaQHNdaptJ+EYAU0EruQNcqA1yUhqQQHt6lMcXKEcCU9Z56HmXjIiEvJM1AFL1H2sXPl5uCdDJEEBxLBNt/Ch7AFR91fs7RODftZwfy0B4jbGg58/SAFOyTLYMcxFvAzXKx0CCxotokjw4A1OWAFMRr7Qx9r00TwFTI6gnCvJWA4PReQlAhVfQ1VaqMwBUl0KXFRLD9qAtNRBAWLVGLMWSVwBTvpqlANknBCXANDZAcQWSofpi5QBTwEgbOeHRfXSkT5dAgWN+99BCSgBTp8RxNSFlwYZ2kDdAgM9KYM5bXAJUW3xwTE+VEHcJ7CcAUtYWijtomlbgFC+3QHOXKHIp4usAUy3NWls4h0oqI0DhQIYauDca8eoDVDUGzBDK1MYPlJBQAVNebXR9Iev1yBbO0kCBQlhUuGNcAFL1FHF68ZUOkp2J00CL2enj7U+CAVRyDaxe4t66qFi/dEB429H4AMQ6AVRv1f5espx3Ga9TukB4Cd4I4Ht2AVPC6XEiGMxxZqg5h0BvErfCVgWsAVQ0Jc52Cw0iBQFDpkCN2lXyaSuZAVLXcQolWXqEMXN3iECDyTKfWK6QAVRvzR5dIUBkAYFT2kBzXWqbSfhGAVL1H2sXPl5uCdDJEEBxLBNt/Ch7AVMtzVpbOIdKKiNA4UCGGrg3GvHq'
>>> struct.unpack(fbinary)
Traceback (most recent call last):
  File "<pyshell#56>", line 1, in <module>
    struct.unpack(fbinary)
TypeError: unpack() takes exactly 2 arguments (1 given)
>>> fbinary
b'MPS7\x01\x00\x00\x00G\x00S\t\'\xd19gG\xc0E\xd9\x91!@\x82\xe21\xd6\xd7.\x8d\x01Tmqj\x14\xa2\xb0\xf5\xd4\xbb\x8f\xe2@\x89\xc9\ts\x81\x93j\x00SU\xf0 \x0e$\x8bQN\x16\x00\xe7@\x84\xe5bgSe6\x02R\xe1\xf4\xbb3\xaf\xd3yAC\x90\x89\x00Tr\r\xac^\xe2\xde\xba\xa8X\xbft@x\xdb\xd1\xf8\x00\xc4:\x01Tl\xee\xa5n\xbe\r\xe7\xc0\xf8\xf4\xf6@\x83\x01\x13\x0c$L\xda\x02S\xe8<\xba\x02[\x10B\x9c}R\xfd\x00S\xdd\xfc\xf4Z\xf9\xa8\x10\x8c\x0c\x9b\xee@dj\x81\xed\xe3\xee\xdf\x00To\xd5\xfe^\xb2\x9cw\x19\xafS\xba@x\t\xde\x08\xe0{v\x03R\xd2\xb7\xaec\x9fu\xa1 \xdc\xcb\'\x01S\x97\xce\xf9)\xe3\xc1\x98Cns\xda@cU>\xb4\x96y\xc8\x00S\xcd\xac\xdc\x15\x12\xc3\xf6\xa0-5\x10@\x8b\x93\xd3%\x84N\x95\x03TBR\xa1"aMo\xbe\xca3j\x01T$\x9e[-\x89\xc8 \xf5\xc3S\xcf@\x89\xe4\x84\x8b\xfa\xc9A\x02Tu\x12\x07\t\x82^\x11p97K\x00S\xc3/\xeb?\xcbbl?\x1dt\'@\x84v\xdf\xdb\n|@\x02T|\xfc>7\xab6A\xfe=\xeay\x00R\xc9\xc1\xd8\\E\x10x\x96\xf2\x96\t@q\xe4\xad\xf6\xc9\x92\xfa\x03S\x86"\xfan\xbe\r\xe7\xc0\xf8\xf4\xf6\x00S\xb5\xddwLs\x90\xeb\xb0E\x9c\xd3@\x89b\xf0A\xfe\t2\x03R\xef-\xab\x0c\x8cF\x94\xa5J\xf7G\x00T\t\xf3\xcb\x1b\xf9\x8b\xe2\xa9\xd7\x8ds@\x82\xc4\xc2\x18\x9f\xfb\xf0\x01T[m\xf45\xc9\xae\xc1d\xcfu\xfd@\x8d\xb5\xb8\x01s\x15\xff\x01S\xc8]\xfa]\xee\xf4\x8e\xe6[\x1c\xda@\x82\xa2\x0e\xfe:\x93a\x02S\xb8\xce\x0fll\r\x12v\xbebb\x01T\x92\xe5\\\x11N\xa6\xb6\xe9\x13VB@k\xc0,\xf6\x0bwS\x00S\xc2\xe9q"\x18\xccqf\xa89\x87@o\x12\xb7\xc2V\x05\xac\x00T4%\xcev\x0b\r"\x05\x01C\xa6@\x8d\xdaU\xf2i+\x99\x00R\xc9s\x81:\xae>>J0V\x05@\x8bK\x92ma.\x85\x00T3\xeb\x8b4\xb4\xa3\xc8\x13\xd3F\xb5@sA\xa1]\xfa9\x8e\x02R\xfc#\x19\x1cI\xb0\xbc\xf90\xb4\xe0\x00SE\xc6\xfdg\xaeuD!\t\x1b\xce@\x89\xd6\xaa\x1b\xf6E\x8a\x02Skt\x9a0\xc4\x12\xb54,\x1c\xdb\x00SG\xab\xacB!V\xc2L\x87L\xa3@~\x01\xd4\xb9\x1b{\xfd\x00TK~\xdd^\xf4\xe8\x1e\xdeEa\xad@\x80\xb6\xab\x7f?R\xb9\x00T\'\t{r\x12n\x84\xf0\xa7\xae\xc6@\x8f0\xf1  V\xd4\x03S\xde\xbf(t\xeaB\xaf\xc1-\x15N\x00S&\tR\x11\x94\x14\xe5T5\xcf\xfc@y\t\\\xca\x9f\xb5\xd2\x00S:hJk2\x15Y\xb4v\x97\xc6@qw\x86\xf8\xd8\xb7\xba\x00S\x1b\x1a\xafk\xa5\xaaV\xe6\xa5\x1fW@dX|\xb2=\xde[\x03To\x07\x13wU\xe2\x80\x95\x9e@\xfd\x00R\xdc\x8b\xeeA\x92!F\x12\x96b\x04@a\xca\xb7X\x8c\xccL\x00R\xd7q\n%Yz\x841sw\x88@\x83\xc92\x9fX\xae\x90\x02T\x8a\xc5\xa1\x14HC(\xe9\x0bQ\xa2\x01S\x1c4sM\xba{\x0f\x9d\xa1\xd7\xeb@\x87*oF\x06\x94x\x00Te\x94j@\xdd\xa56\tf<\xf1@\x7f\xd5\xcd)\x86\xd0\x12\x00To\xcd\x1e]!@d\x01\x81S\xda@s]j\x9bI\xf8F\x00SA+\xb9\x03\\\xa8\rrR\x1a\x90@{z\x94\xc7\x17(G\x02S\xd6y\xe8y\x97\x8c\x88\x84\xbc\x935\x00R\xf5\x1fk\x17>^n\t\xd0\xc9\x10@q,\x13m\xfc({\x00T}\xd5\xfb;D\xe0\xdf\xb5\x9c\x1f\xcb@x\x8d\xb1\xa0\xe7\xcf\xd2\x00S\xb2L\xb6\x0cs\x11o\x035\xca\xc7@\x82\xc6\x8bh\x92<8\x03S\x96\x00S\x11\xaf\xb41\xf6\xbd4O\x01S#\xa8\'\n\xf2V\x03\x83\xd1y\t@\x85W\xd0\xd5V\xaa3\x00T\x97B\x97\x15\x12\xc3\xf6\xa0-5\x10@X\xb5F,\xc5\x92W\x00S\xbe\x9a\xa5\x00\xd9\'\x04%\xc046@q\x05\x92\xa1\xfab\xe5\x00S\xc0H\x1b9\xe1\xd1}t\xa4O\x97@\x81c~\xf7\xd0BJ\x00S\xa7\xc4q5!e\xc1\x86v\x907@\x80\xcfJ`\xce[\\\x02T[|pLO\x95\x10w\t\xec\'\x00R\xd6\x16\x8a;h\x9aV\xe0\x14/\xb7@s\x97(r)\xe2\xeb\x00S-\xcdZ[8\x87J*#@\xe1@\x86\x1a\xb87\x1a\xf1\xea\x03T5\x06\xcc\x10\xca\xd4\xc6\x0f\x94\x90P\x01S^mt}!\xeb\xf5\xc8\x16\xce\xd2@\x81BXT\xb8c\\\x00R\xf5\x14qz\xf1\x95\x0e\x92\x9d\x89\xd3@\x8b\xd9\xe9\xe3\xedO\x82\x01Tr\r\xac^\xe2\xde\xba\xa8X\xbft@x\xdb\xd1\xf8\x00\xc4:\x01To\xd5\xfe^\xb2\x9cw\x19\xafS\xba@x\t\xde\x08\xe0{v\x01S\xc2\xe9q"\x18\xccqf\xa89\x87@o\x12\xb7\xc2V\x05\xac\x01T4%\xcev\x0b\r"\x05\x01C\xa6@\x8d\xdaU\xf2i+\x99\x01R\xd7q\n%Yz\x841sw\x88@\x83\xc92\x9fX\xae\x90\x01To\xcd\x1e]!@d\x01\x81S\xda@s]j\x9bI\xf8F\x01R\xf5\x1fk\x17>^n\t\xd0\xc9\x10@q,\x13m\xfc({\x01S-\xcdZ[8\x87J*#@\xe1@\x86\x1a\xb87\x1a\xf1\xea'
>>> struct.unpack('ci','\x01\x00\x00\x00G\x00S')
Traceback (most recent call last):
  File "<pyshell#58>", line 1, in <module>
    struct.unpack('ci','\x01\x00\x00\x00G\x00S')
TypeError: a bytes-like object is required, not 'str'
>>> struct.unpack('ci','\x01\x00\x00\x00')
Traceback (most recent call last):
  File "<pyshell#59>", line 1, in <module>
    struct.unpack('ci','\x01\x00\x00\x00')
TypeError: a bytes-like object is required, not 'str'
>>> import binasckii
Traceback (most recent call last):
  File "<pyshell#60>", line 1, in <module>
    import binasckii
ModuleNotFoundError: No module named 'binasckii'
>>> import binascii
>>> binascii.hexlify(fbinary)
b'4d505337010000004700530927d1396747c045d991214082e231d6d72e8d01546d716a14a2b0f5d4bb8fe24089c9097381936a005355f0200e248b514e1600e74084e562675365360252e1f4bb33afd379414390890054720dac5ee2debaa858bf744078dbd1f800c43a01546ceea56ebe0de7c0f8f4f6408301130c244cda0253e83cba025b10429c7d52fd0053ddfcf45af9a8108c0c9bee40646a81ede3eedf00546fd5fe5eb29c7719af53ba407809de08e07b760352d2b7ae639f75a120dccb27015397cef929e3c198436e73da4063553eb49679c80053cdacdc1512c3f6a02d3510408b93d325844e9503544252a122614d6fbeca336a0154249e5b2d89c820f5c353cf4089e4848bfac941025475120709825e117039374b0053c32feb3fcb626c3f1d7427408476dfdb0a7c4002547cfc3e37ab3641fe3dea790052c9c1d85c45107896f296094071e4adf6c992fa03538622fa6ebe0de7c0f8f4f60053b5dd774c7390ebb0459cd3408962f041fe09320352ef2dab0c8c4694a54af747005409f3cb1bf98be2a9d78d734082c4c2189ffbf001545b6df435c9aec164cf75fd408db5b8017315ff0153c85dfa5deef48ee65b1cda4082a20efe3a93610253b8ce0f6c6c0d1276be6262015492e55c114ea6b6e9135642406bc02cf60b77530053c2e9712218cc7166a83987406f12b7c25605ac00543425ce760b0d22050143a6408dda55f2692b990052c973813aae3e3e4a305605408b4b926d612e85005433eb8b34b4a3c813d346b5407341a15dfa398e0252fc23191c49b0bcf930b4e0005345c6fd67ae754421091bce4089d6aa1bf6458a02536b749a30c412b5342c1cdb005347abac422156c24c874ca3407e01d4b91b7bfd00544b7edd5ef4e81ede4561ad4080b6ab7f3f52b9005427097b72126e84f0a7aec6408f30f1202056d40353debf2874ea42afc12d154e0053260952119414e55435cffc4079095cca9fb5d200533a684a6b321559b47697c640717786f8d8b7ba00531b1aaf6ba5aa56e6a51f574064587cb23dde5b03546f07137755e280959e40fd0052dc8bee41922146129662044061cab7588ccc4c0052d7710a25597a84317377884083c9329f58ae9002548ac5a114484328e90b51a201531c34734dba7b0f9da1d7eb40872a6f46069478005465946a40dda53609663cf1407fd5cd2986d01200546fcd1e5d214064018153da40735d6a9b49f8460053412bb9035ca80d72521a90407b7a94c71728470253d679e879978c8884bc93350052f51f6b173e5e6e09d0c91040712c136dfc287b00547dd5fb3b44e0dfb59c1fcb40788db1a0e7cfd20053b24cb60c73116f0335cac74082c68b68923c38035396005311afb431f6bd344f015323a8270af2560383d17909408557d0d556aa3300549742971512c3f6a02d35104058b5462cc592570053be9aa500d9270425c0343640710592a1fa62e50053c0481b39e1d17d74a44f974081637ef7d0424a0053a7c471352165c1867690374080cf4a60ce5b5c02545b7c704c4f95107709ec270052d6168a3b689a56e0142fb7407397287229e2eb00532dcd5a5b38874a2a2340e140861ab8371af1ea03543506cc10cad4c60f94905001535e6d747d21ebf5c816ced24081425854b8635c0052f514717af1950e929d89d3408bd9e9e3ed4f820154720dac5ee2debaa858bf744078dbd1f800c43a01546fd5fe5eb29c7719af53ba407809de08e07b760153c2e9712218cc7166a83987406f12b7c25605ac01543425ce760b0d22050143a6408dda55f2692b990152d7710a25597a84317377884083c9329f58ae9001546fcd1e5d214064018153da40735d6a9b49f8460152f51f6b173e5e6e09d0c91040712c136dfc287b01532dcd5a5b38874a2a2340e140861ab8371af1ea'
>>> s=struct.Struct('4s I I')
>>> l=binascii.hexlify(fbinary)
>>> l
b'4d505337010000004700530927d1396747c045d991214082e231d6d72e8d01546d716a14a2b0f5d4bb8fe24089c9097381936a005355f0200e248b514e1600e74084e562675365360252e1f4bb33afd379414390890054720dac5ee2debaa858bf744078dbd1f800c43a01546ceea56ebe0de7c0f8f4f6408301130c244cda0253e83cba025b10429c7d52fd0053ddfcf45af9a8108c0c9bee40646a81ede3eedf00546fd5fe5eb29c7719af53ba407809de08e07b760352d2b7ae639f75a120dccb27015397cef929e3c198436e73da4063553eb49679c80053cdacdc1512c3f6a02d3510408b93d325844e9503544252a122614d6fbeca336a0154249e5b2d89c820f5c353cf4089e4848bfac941025475120709825e117039374b0053c32feb3fcb626c3f1d7427408476dfdb0a7c4002547cfc3e37ab3641fe3dea790052c9c1d85c45107896f296094071e4adf6c992fa03538622fa6ebe0de7c0f8f4f60053b5dd774c7390ebb0459cd3408962f041fe09320352ef2dab0c8c4694a54af747005409f3cb1bf98be2a9d78d734082c4c2189ffbf001545b6df435c9aec164cf75fd408db5b8017315ff0153c85dfa5deef48ee65b1cda4082a20efe3a93610253b8ce0f6c6c0d1276be6262015492e55c114ea6b6e9135642406bc02cf60b77530053c2e9712218cc7166a83987406f12b7c25605ac00543425ce760b0d22050143a6408dda55f2692b990052c973813aae3e3e4a305605408b4b926d612e85005433eb8b34b4a3c813d346b5407341a15dfa398e0252fc23191c49b0bcf930b4e0005345c6fd67ae754421091bce4089d6aa1bf6458a02536b749a30c412b5342c1cdb005347abac422156c24c874ca3407e01d4b91b7bfd00544b7edd5ef4e81ede4561ad4080b6ab7f3f52b9005427097b72126e84f0a7aec6408f30f1202056d40353debf2874ea42afc12d154e0053260952119414e55435cffc4079095cca9fb5d200533a684a6b321559b47697c640717786f8d8b7ba00531b1aaf6ba5aa56e6a51f574064587cb23dde5b03546f07137755e280959e40fd0052dc8bee41922146129662044061cab7588ccc4c0052d7710a25597a84317377884083c9329f58ae9002548ac5a114484328e90b51a201531c34734dba7b0f9da1d7eb40872a6f46069478005465946a40dda53609663cf1407fd5cd2986d01200546fcd1e5d214064018153da40735d6a9b49f8460053412bb9035ca80d72521a90407b7a94c71728470253d679e879978c8884bc93350052f51f6b173e5e6e09d0c91040712c136dfc287b00547dd5fb3b44e0dfb59c1fcb40788db1a0e7cfd20053b24cb60c73116f0335cac74082c68b68923c38035396005311afb431f6bd344f015323a8270af2560383d17909408557d0d556aa3300549742971512c3f6a02d35104058b5462cc592570053be9aa500d9270425c0343640710592a1fa62e50053c0481b39e1d17d74a44f974081637ef7d0424a0053a7c471352165c1867690374080cf4a60ce5b5c02545b7c704c4f95107709ec270052d6168a3b689a56e0142fb7407397287229e2eb00532dcd5a5b38874a2a2340e140861ab8371af1ea03543506cc10cad4c60f94905001535e6d747d21ebf5c816ced24081425854b8635c0052f514717af1950e929d89d3408bd9e9e3ed4f820154720dac5ee2debaa858bf744078dbd1f800c43a01546fd5fe5eb29c7719af53ba407809de08e07b760153c2e9712218cc7166a83987406f12b7c25605ac01543425ce760b0d22050143a6408dda55f2692b990152d7710a25597a84317377884083c9329f58ae9001546fcd1e5d214064018153da40735d6a9b49f8460152f51f6b173e5e6e09d0c91040712c136dfc287b01532dcd5a5b38874a2a2340e140861ab8371af1ea'
>>> s.unpack(l)
Traceback (most recent call last):
  File "<pyshell#66>", line 1, in <module>
    s.unpack(l)
struct.error: unpack requires a buffer of 12 bytes
>>> bytearray(fbinary)
bytearray(b'MPS7\x01\x00\x00\x00G\x00S\t\'\xd19gG\xc0E\xd9\x91!@\x82\xe21\xd6\xd7.\x8d\x01Tmqj\x14\xa2\xb0\xf5\xd4\xbb\x8f\xe2@\x89\xc9\ts\x81\x93j\x00SU\xf0 \x0e$\x8bQN\x16\x00\xe7@\x84\xe5bgSe6\x02R\xe1\xf4\xbb3\xaf\xd3yAC\x90\x89\x00Tr\r\xac^\xe2\xde\xba\xa8X\xbft@x\xdb\xd1\xf8\x00\xc4:\x01Tl\xee\xa5n\xbe\r\xe7\xc0\xf8\xf4\xf6@\x83\x01\x13\x0c$L\xda\x02S\xe8<\xba\x02[\x10B\x9c}R\xfd\x00S\xdd\xfc\xf4Z\xf9\xa8\x10\x8c\x0c\x9b\xee@dj\x81\xed\xe3\xee\xdf\x00To\xd5\xfe^\xb2\x9cw\x19\xafS\xba@x\t\xde\x08\xe0{v\x03R\xd2\xb7\xaec\x9fu\xa1 \xdc\xcb\'\x01S\x97\xce\xf9)\xe3\xc1\x98Cns\xda@cU>\xb4\x96y\xc8\x00S\xcd\xac\xdc\x15\x12\xc3\xf6\xa0-5\x10@\x8b\x93\xd3%\x84N\x95\x03TBR\xa1"aMo\xbe\xca3j\x01T$\x9e[-\x89\xc8 \xf5\xc3S\xcf@\x89\xe4\x84\x8b\xfa\xc9A\x02Tu\x12\x07\t\x82^\x11p97K\x00S\xc3/\xeb?\xcbbl?\x1dt\'@\x84v\xdf\xdb\n|@\x02T|\xfc>7\xab6A\xfe=\xeay\x00R\xc9\xc1\xd8\\E\x10x\x96\xf2\x96\t@q\xe4\xad\xf6\xc9\x92\xfa\x03S\x86"\xfan\xbe\r\xe7\xc0\xf8\xf4\xf6\x00S\xb5\xddwLs\x90\xeb\xb0E\x9c\xd3@\x89b\xf0A\xfe\t2\x03R\xef-\xab\x0c\x8cF\x94\xa5J\xf7G\x00T\t\xf3\xcb\x1b\xf9\x8b\xe2\xa9\xd7\x8ds@\x82\xc4\xc2\x18\x9f\xfb\xf0\x01T[m\xf45\xc9\xae\xc1d\xcfu\xfd@\x8d\xb5\xb8\x01s\x15\xff\x01S\xc8]\xfa]\xee\xf4\x8e\xe6[\x1c\xda@\x82\xa2\x0e\xfe:\x93a\x02S\xb8\xce\x0fll\r\x12v\xbebb\x01T\x92\xe5\\\x11N\xa6\xb6\xe9\x13VB@k\xc0,\xf6\x0bwS\x00S\xc2\xe9q"\x18\xccqf\xa89\x87@o\x12\xb7\xc2V\x05\xac\x00T4%\xcev\x0b\r"\x05\x01C\xa6@\x8d\xdaU\xf2i+\x99\x00R\xc9s\x81:\xae>>J0V\x05@\x8bK\x92ma.\x85\x00T3\xeb\x8b4\xb4\xa3\xc8\x13\xd3F\xb5@sA\xa1]\xfa9\x8e\x02R\xfc#\x19\x1cI\xb0\xbc\xf90\xb4\xe0\x00SE\xc6\xfdg\xaeuD!\t\x1b\xce@\x89\xd6\xaa\x1b\xf6E\x8a\x02Skt\x9a0\xc4\x12\xb54,\x1c\xdb\x00SG\xab\xacB!V\xc2L\x87L\xa3@~\x01\xd4\xb9\x1b{\xfd\x00TK~\xdd^\xf4\xe8\x1e\xdeEa\xad@\x80\xb6\xab\x7f?R\xb9\x00T\'\t{r\x12n\x84\xf0\xa7\xae\xc6@\x8f0\xf1  V\xd4\x03S\xde\xbf(t\xeaB\xaf\xc1-\x15N\x00S&\tR\x11\x94\x14\xe5T5\xcf\xfc@y\t\\\xca\x9f\xb5\xd2\x00S:hJk2\x15Y\xb4v\x97\xc6@qw\x86\xf8\xd8\xb7\xba\x00S\x1b\x1a\xafk\xa5\xaaV\xe6\xa5\x1fW@dX|\xb2=\xde[\x03To\x07\x13wU\xe2\x80\x95\x9e@\xfd\x00R\xdc\x8b\xeeA\x92!F\x12\x96b\x04@a\xca\xb7X\x8c\xccL\x00R\xd7q\n%Yz\x841sw\x88@\x83\xc92\x9fX\xae\x90\x02T\x8a\xc5\xa1\x14HC(\xe9\x0bQ\xa2\x01S\x1c4sM\xba{\x0f\x9d\xa1\xd7\xeb@\x87*oF\x06\x94x\x00Te\x94j@\xdd\xa56\tf<\xf1@\x7f\xd5\xcd)\x86\xd0\x12\x00To\xcd\x1e]!@d\x01\x81S\xda@s]j\x9bI\xf8F\x00SA+\xb9\x03\\\xa8\rrR\x1a\x90@{z\x94\xc7\x17(G\x02S\xd6y\xe8y\x97\x8c\x88\x84\xbc\x935\x00R\xf5\x1fk\x17>^n\t\xd0\xc9\x10@q,\x13m\xfc({\x00T}\xd5\xfb;D\xe0\xdf\xb5\x9c\x1f\xcb@x\x8d\xb1\xa0\xe7\xcf\xd2\x00S\xb2L\xb6\x0cs\x11o\x035\xca\xc7@\x82\xc6\x8bh\x92<8\x03S\x96\x00S\x11\xaf\xb41\xf6\xbd4O\x01S#\xa8\'\n\xf2V\x03\x83\xd1y\t@\x85W\xd0\xd5V\xaa3\x00T\x97B\x97\x15\x12\xc3\xf6\xa0-5\x10@X\xb5F,\xc5\x92W\x00S\xbe\x9a\xa5\x00\xd9\'\x04%\xc046@q\x05\x92\xa1\xfab\xe5\x00S\xc0H\x1b9\xe1\xd1}t\xa4O\x97@\x81c~\xf7\xd0BJ\x00S\xa7\xc4q5!e\xc1\x86v\x907@\x80\xcfJ`\xce[\\\x02T[|pLO\x95\x10w\t\xec\'\x00R\xd6\x16\x8a;h\x9aV\xe0\x14/\xb7@s\x97(r)\xe2\xeb\x00S-\xcdZ[8\x87J*#@\xe1@\x86\x1a\xb87\x1a\xf1\xea\x03T5\x06\xcc\x10\xca\xd4\xc6\x0f\x94\x90P\x01S^mt}!\xeb\xf5\xc8\x16\xce\xd2@\x81BXT\xb8c\\\x00R\xf5\x14qz\xf1\x95\x0e\x92\x9d\x89\xd3@\x8b\xd9\xe9\xe3\xedO\x82\x01Tr\r\xac^\xe2\xde\xba\xa8X\xbft@x\xdb\xd1\xf8\x00\xc4:\x01To\xd5\xfe^\xb2\x9cw\x19\xafS\xba@x\t\xde\x08\xe0{v\x01S\xc2\xe9q"\x18\xccqf\xa89\x87@o\x12\xb7\xc2V\x05\xac\x01T4%\xcev\x0b\r"\x05\x01C\xa6@\x8d\xdaU\xf2i+\x99\x01R\xd7q\n%Yz\x841sw\x88@\x83\xc92\x9fX\xae\x90\x01To\xcd\x1e]!@d\x01\x81S\xda@s]j\x9bI\xf8F\x01R\xf5\x1fk\x17>^n\t\xd0\xc9\x10@q,\x13m\xfc({\x01S-\xcdZ[8\x87J*#@\xe1@\x86\x1a\xb87\x1a\xf1\xea')
>>> bytearray(fbinary)[0]
77
>>> bytearray(fbinary)[1]
80
>>> chr(0x80)
'\x80'
>>> l
b'4d505337010000004700530927d1396747c045d991214082e231d6d72e8d01546d716a14a2b0f5d4bb8fe24089c9097381936a005355f0200e248b514e1600e74084e562675365360252e1f4bb33afd379414390890054720dac5ee2debaa858bf744078dbd1f800c43a01546ceea56ebe0de7c0f8f4f6408301130c244cda0253e83cba025b10429c7d52fd0053ddfcf45af9a8108c0c9bee40646a81ede3eedf00546fd5fe5eb29c7719af53ba407809de08e07b760352d2b7ae639f75a120dccb27015397cef929e3c198436e73da4063553eb49679c80053cdacdc1512c3f6a02d3510408b93d325844e9503544252a122614d6fbeca336a0154249e5b2d89c820f5c353cf4089e4848bfac941025475120709825e117039374b0053c32feb3fcb626c3f1d7427408476dfdb0a7c4002547cfc3e37ab3641fe3dea790052c9c1d85c45107896f296094071e4adf6c992fa03538622fa6ebe0de7c0f8f4f60053b5dd774c7390ebb0459cd3408962f041fe09320352ef2dab0c8c4694a54af747005409f3cb1bf98be2a9d78d734082c4c2189ffbf001545b6df435c9aec164cf75fd408db5b8017315ff0153c85dfa5deef48ee65b1cda4082a20efe3a93610253b8ce0f6c6c0d1276be6262015492e55c114ea6b6e9135642406bc02cf60b77530053c2e9712218cc7166a83987406f12b7c25605ac00543425ce760b0d22050143a6408dda55f2692b990052c973813aae3e3e4a305605408b4b926d612e85005433eb8b34b4a3c813d346b5407341a15dfa398e0252fc23191c49b0bcf930b4e0005345c6fd67ae754421091bce4089d6aa1bf6458a02536b749a30c412b5342c1cdb005347abac422156c24c874ca3407e01d4b91b7bfd00544b7edd5ef4e81ede4561ad4080b6ab7f3f52b9005427097b72126e84f0a7aec6408f30f1202056d40353debf2874ea42afc12d154e0053260952119414e55435cffc4079095cca9fb5d200533a684a6b321559b47697c640717786f8d8b7ba00531b1aaf6ba5aa56e6a51f574064587cb23dde5b03546f07137755e280959e40fd0052dc8bee41922146129662044061cab7588ccc4c0052d7710a25597a84317377884083c9329f58ae9002548ac5a114484328e90b51a201531c34734dba7b0f9da1d7eb40872a6f46069478005465946a40dda53609663cf1407fd5cd2986d01200546fcd1e5d214064018153da40735d6a9b49f8460053412bb9035ca80d72521a90407b7a94c71728470253d679e879978c8884bc93350052f51f6b173e5e6e09d0c91040712c136dfc287b00547dd5fb3b44e0dfb59c1fcb40788db1a0e7cfd20053b24cb60c73116f0335cac74082c68b68923c38035396005311afb431f6bd344f015323a8270af2560383d17909408557d0d556aa3300549742971512c3f6a02d35104058b5462cc592570053be9aa500d9270425c0343640710592a1fa62e50053c0481b39e1d17d74a44f974081637ef7d0424a0053a7c471352165c1867690374080cf4a60ce5b5c02545b7c704c4f95107709ec270052d6168a3b689a56e0142fb7407397287229e2eb00532dcd5a5b38874a2a2340e140861ab8371af1ea03543506cc10cad4c60f94905001535e6d747d21ebf5c816ced24081425854b8635c0052f514717af1950e929d89d3408bd9e9e3ed4f820154720dac5ee2debaa858bf744078dbd1f800c43a01546fd5fe5eb29c7719af53ba407809de08e07b760153c2e9712218cc7166a83987406f12b7c25605ac01543425ce760b0d22050143a6408dda55f2692b990152d7710a25597a84317377884083c9329f58ae9001546fcd1e5d214064018153da40735d6a9b49f8460152f51f6b173e5e6e09d0c91040712c136dfc287b01532dcd5a5b38874a2a2340e140861ab8371af1ea'
>>> dir(binascii)
['Error', 'Incomplete', '__doc__', '__loader__', '__name__', '__package__', '__spec__', 'a2b_base64', 'a2b_hex', 'a2b_hqx', 'a2b_qp', 'a2b_uu', 'b2a_base64', 'b2a_hex', 'b2a_hqx', 'b2a_qp', 'b2a_uu', 'crc32', 'crc_hqx', 'hexlify', 'rlecode_hqx', 'rledecode_hqx', 'unhexlify']
>>> fbinary
b'MPS7\x01\x00\x00\x00G\x00S\t\'\xd19gG\xc0E\xd9\x91!@\x82\xe21\xd6\xd7.\x8d\x01Tmqj\x14\xa2\xb0\xf5\xd4\xbb\x8f\xe2@\x89\xc9\ts\x81\x93j\x00SU\xf0 \x0e$\x8bQN\x16\x00\xe7@\x84\xe5bgSe6\x02R\xe1\xf4\xbb3\xaf\xd3yAC\x90\x89\x00Tr\r\xac^\xe2\xde\xba\xa8X\xbft@x\xdb\xd1\xf8\x00\xc4:\x01Tl\xee\xa5n\xbe\r\xe7\xc0\xf8\xf4\xf6@\x83\x01\x13\x0c$L\xda\x02S\xe8<\xba\x02[\x10B\x9c}R\xfd\x00S\xdd\xfc\xf4Z\xf9\xa8\x10\x8c\x0c\x9b\xee@dj\x81\xed\xe3\xee\xdf\x00To\xd5\xfe^\xb2\x9cw\x19\xafS\xba@x\t\xde\x08\xe0{v\x03R\xd2\xb7\xaec\x9fu\xa1 \xdc\xcb\'\x01S\x97\xce\xf9)\xe3\xc1\x98Cns\xda@cU>\xb4\x96y\xc8\x00S\xcd\xac\xdc\x15\x12\xc3\xf6\xa0-5\x10@\x8b\x93\xd3%\x84N\x95\x03TBR\xa1"aMo\xbe\xca3j\x01T$\x9e[-\x89\xc8 \xf5\xc3S\xcf@\x89\xe4\x84\x8b\xfa\xc9A\x02Tu\x12\x07\t\x82^\x11p97K\x00S\xc3/\xeb?\xcbbl?\x1dt\'@\x84v\xdf\xdb\n|@\x02T|\xfc>7\xab6A\xfe=\xeay\x00R\xc9\xc1\xd8\\E\x10x\x96\xf2\x96\t@q\xe4\xad\xf6\xc9\x92\xfa\x03S\x86"\xfan\xbe\r\xe7\xc0\xf8\xf4\xf6\x00S\xb5\xddwLs\x90\xeb\xb0E\x9c\xd3@\x89b\xf0A\xfe\t2\x03R\xef-\xab\x0c\x8cF\x94\xa5J\xf7G\x00T\t\xf3\xcb\x1b\xf9\x8b\xe2\xa9\xd7\x8ds@\x82\xc4\xc2\x18\x9f\xfb\xf0\x01T[m\xf45\xc9\xae\xc1d\xcfu\xfd@\x8d\xb5\xb8\x01s\x15\xff\x01S\xc8]\xfa]\xee\xf4\x8e\xe6[\x1c\xda@\x82\xa2\x0e\xfe:\x93a\x02S\xb8\xce\x0fll\r\x12v\xbebb\x01T\x92\xe5\\\x11N\xa6\xb6\xe9\x13VB@k\xc0,\xf6\x0bwS\x00S\xc2\xe9q"\x18\xccqf\xa89\x87@o\x12\xb7\xc2V\x05\xac\x00T4%\xcev\x0b\r"\x05\x01C\xa6@\x8d\xdaU\xf2i+\x99\x00R\xc9s\x81:\xae>>J0V\x05@\x8bK\x92ma.\x85\x00T3\xeb\x8b4\xb4\xa3\xc8\x13\xd3F\xb5@sA\xa1]\xfa9\x8e\x02R\xfc#\x19\x1cI\xb0\xbc\xf90\xb4\xe0\x00SE\xc6\xfdg\xaeuD!\t\x1b\xce@\x89\xd6\xaa\x1b\xf6E\x8a\x02Skt\x9a0\xc4\x12\xb54,\x1c\xdb\x00SG\xab\xacB!V\xc2L\x87L\xa3@~\x01\xd4\xb9\x1b{\xfd\x00TK~\xdd^\xf4\xe8\x1e\xdeEa\xad@\x80\xb6\xab\x7f?R\xb9\x00T\'\t{r\x12n\x84\xf0\xa7\xae\xc6@\x8f0\xf1  V\xd4\x03S\xde\xbf(t\xeaB\xaf\xc1-\x15N\x00S&\tR\x11\x94\x14\xe5T5\xcf\xfc@y\t\\\xca\x9f\xb5\xd2\x00S:hJk2\x15Y\xb4v\x97\xc6@qw\x86\xf8\xd8\xb7\xba\x00S\x1b\x1a\xafk\xa5\xaaV\xe6\xa5\x1fW@dX|\xb2=\xde[\x03To\x07\x13wU\xe2\x80\x95\x9e@\xfd\x00R\xdc\x8b\xeeA\x92!F\x12\x96b\x04@a\xca\xb7X\x8c\xccL\x00R\xd7q\n%Yz\x841sw\x88@\x83\xc92\x9fX\xae\x90\x02T\x8a\xc5\xa1\x14HC(\xe9\x0bQ\xa2\x01S\x1c4sM\xba{\x0f\x9d\xa1\xd7\xeb@\x87*oF\x06\x94x\x00Te\x94j@\xdd\xa56\tf<\xf1@\x7f\xd5\xcd)\x86\xd0\x12\x00To\xcd\x1e]!@d\x01\x81S\xda@s]j\x9bI\xf8F\x00SA+\xb9\x03\\\xa8\rrR\x1a\x90@{z\x94\xc7\x17(G\x02S\xd6y\xe8y\x97\x8c\x88\x84\xbc\x935\x00R\xf5\x1fk\x17>^n\t\xd0\xc9\x10@q,\x13m\xfc({\x00T}\xd5\xfb;D\xe0\xdf\xb5\x9c\x1f\xcb@x\x8d\xb1\xa0\xe7\xcf\xd2\x00S\xb2L\xb6\x0cs\x11o\x035\xca\xc7@\x82\xc6\x8bh\x92<8\x03S\x96\x00S\x11\xaf\xb41\xf6\xbd4O\x01S#\xa8\'\n\xf2V\x03\x83\xd1y\t@\x85W\xd0\xd5V\xaa3\x00T\x97B\x97\x15\x12\xc3\xf6\xa0-5\x10@X\xb5F,\xc5\x92W\x00S\xbe\x9a\xa5\x00\xd9\'\x04%\xc046@q\x05\x92\xa1\xfab\xe5\x00S\xc0H\x1b9\xe1\xd1}t\xa4O\x97@\x81c~\xf7\xd0BJ\x00S\xa7\xc4q5!e\xc1\x86v\x907@\x80\xcfJ`\xce[\\\x02T[|pLO\x95\x10w\t\xec\'\x00R\xd6\x16\x8a;h\x9aV\xe0\x14/\xb7@s\x97(r)\xe2\xeb\x00S-\xcdZ[8\x87J*#@\xe1@\x86\x1a\xb87\x1a\xf1\xea\x03T5\x06\xcc\x10\xca\xd4\xc6\x0f\x94\x90P\x01S^mt}!\xeb\xf5\xc8\x16\xce\xd2@\x81BXT\xb8c\\\x00R\xf5\x14qz\xf1\x95\x0e\x92\x9d\x89\xd3@\x8b\xd9\xe9\xe3\xedO\x82\x01Tr\r\xac^\xe2\xde\xba\xa8X\xbft@x\xdb\xd1\xf8\x00\xc4:\x01To\xd5\xfe^\xb2\x9cw\x19\xafS\xba@x\t\xde\x08\xe0{v\x01S\xc2\xe9q"\x18\xccqf\xa89\x87@o\x12\xb7\xc2V\x05\xac\x01T4%\xcev\x0b\r"\x05\x01C\xa6@\x8d\xdaU\xf2i+\x99\x01R\xd7q\n%Yz\x841sw\x88@\x83\xc92\x9fX\xae\x90\x01To\xcd\x1e]!@d\x01\x81S\xda@s]j\x9bI\xf8F\x01R\xf5\x1fk\x17>^n\t\xd0\xc9\x10@q,\x13m\xfc({\x01S-\xcdZ[8\x87J*#@\xe1@\x86\x1a\xb87\x1a\xf1\xea'
>>> dir(fbinary)
['__add__', '__class__', '__contains__', '__delattr__', '__dir__', '__doc__', '__eq__', '__format__', '__ge__', '__getattribute__', '__getitem__', '__getnewargs__', '__gt__', '__hash__', '__init__', '__init_subclass__', '__iter__', '__le__', '__len__', '__lt__', '__mod__', '__mul__', '__ne__', '__new__', '__reduce__', '__reduce_ex__', '__repr__', '__rmod__', '__rmul__', '__setattr__', '__sizeof__', '__str__', '__subclasshook__', 'capitalize', 'center', 'count', 'decode', 'endswith', 'expandtabs', 'find', 'fromhex', 'hex', 'index', 'isalnum', 'isalpha', 'isascii', 'isdigit', 'islower', 'isspace', 'istitle', 'isupper', 'join', 'ljust', 'lower', 'lstrip', 'maketrans', 'partition', 'replace', 'rfind', 'rindex', 'rjust', 'rpartition', 'rsplit', 'rstrip', 'split', 'splitlines', 'startswith', 'strip', 'swapcase', 'title', 'translate', 'upper', 'zfill']
>>> dir(fbinary.dcode)
Traceback (most recent call last):
  File "<pyshell#75>", line 1, in <module>
    dir(fbinary.dcode)
AttributeError: 'bytes' object has no attribute 'dcode'
>>> dir(fbinary.decode)
['__call__', '__class__', '__delattr__', '__dir__', '__doc__', '__eq__', '__format__', '__ge__', '__getattribute__', '__gt__', '__hash__', '__init__', '__init_subclass__', '__le__', '__lt__', '__module__', '__name__', '__ne__', '__new__', '__qualname__', '__reduce__', '__reduce_ex__', '__repr__', '__self__', '__setattr__', '__sizeof__', '__str__', '__subclasshook__', '__text_signature__']
>>> pack ('hh1',1,2,3)
Traceback (most recent call last):
  File "<pyshell#77>", line 1, in <module>
    pack ('hh1',1,2,3)
NameError: name 'pack' is not defined
>>> from struct import *
>>> pack('hh1',1,2,3)
Traceback (most recent call last):
  File "<pyshell#79>", line 1, in <module>
    pack('hh1',1,2,3)
struct.error: repeat count given without format specifier
>>> pach('hhl',1,2,3)
Traceback (most recent call last):
  File "<pyshell#80>", line 1, in <module>
    pach('hhl',1,2,3)
NameError: name 'pach' is not defined
>>> pack ('hhl',1,2,3)
b'\x01\x00\x02\x00\x03\x00\x00\x00'
>>> unpack('hhl','\x01\x00\x02\x00\x03\x00\x00\x00')
Traceback (most recent call last):
  File "<pyshell#82>", line 1, in <module>
    unpack('hhl','\x01\x00\x02\x00\x03\x00\x00\x00')
TypeError: a bytes-like object is required, not 'str'
>>> unpack('hhl',ArithmeticErrorb'\x01\x00\x02\x00\x03\x00\x00\x00')
SyntaxError: invalid syntax
>>> unpack ('hhl',b'\x01\x00\x02\x00\x03\x00\x00\x00')
(1, 2, 3)
>>> fbinary.count
<built-in method count of bytes object at 0x000001ED568A6800>
>>> fbinary.count('\0x00')
Traceback (most recent call last):
  File "<pyshell#86>", line 1, in <module>
    fbinary.count('\0x00')
TypeError: argument should be integer or bytes-like object, not 'str'
>>> fbinary.count(chr('\0x00'))
Traceback (most recent call last):
  File "<pyshell#87>", line 1, in <module>
    fbinary.count(chr('\0x00'))
TypeError: an integer is required (got type str)
>>> fbinary.count.__doc__
'B.count(sub[, start[, end]]) -> int\n\nReturn the number of non-overlapping occurrences of subsection sub in\nbytes B[start:end].  Optional arguments start and end are interpreted\nas in slice notation.'
>>> fbinary.count('\x00')
Traceback (most recent call last):
  File "<pyshell#89>", line 1, in <module>
    fbinary.count('\x00')
TypeError: argument should be integer or bytes-like object, not 'str'
>>> fbinary.count(b'\x01')
26
>>> fbinary.find('|')
Traceback (most recent call last):
  File "<pyshell#91>", line 1, in <module>
    fbinary.find('|')
TypeError: argument should be integer or bytes-like object, not 'str'
>>> chr('|')
Traceback (most recent call last):
  File "<pyshell#92>", line 1, in <module>
    chr('|')
TypeError: an integer is required (got type str)
>>> binascii.hexlify('|')
Traceback (most recent call last):
  File "<pyshell#93>", line 1, in <module>
    binascii.hexlify('|')
TypeError: a bytes-like object is required, not 'str'
>>> bytarray('|')
Traceback (most recent call last):
  File "<pyshell#94>", line 1, in <module>
    bytarray('|')
NameError: name 'bytarray' is not defined
>>> bytearray('|')
Traceback (most recent call last):
  File "<pyshell#95>", line 1, in <module>
    bytearray('|')
TypeError: string argument without an encoding
>>> fbinary
b'MPS7\x01\x00\x00\x00G\x00S\t\'\xd19gG\xc0E\xd9\x91!@\x82\xe21\xd6\xd7.\x8d\x01Tmqj\x14\xa2\xb0\xf5\xd4\xbb\x8f\xe2@\x89\xc9\ts\x81\x93j\x00SU\xf0 \x0e$\x8bQN\x16\x00\xe7@\x84\xe5bgSe6\x02R\xe1\xf4\xbb3\xaf\xd3yAC\x90\x89\x00Tr\r\xac^\xe2\xde\xba\xa8X\xbft@x\xdb\xd1\xf8\x00\xc4:\x01Tl\xee\xa5n\xbe\r\xe7\xc0\xf8\xf4\xf6@\x83\x01\x13\x0c$L\xda\x02S\xe8<\xba\x02[\x10B\x9c}R\xfd\x00S\xdd\xfc\xf4Z\xf9\xa8\x10\x8c\x0c\x9b\xee@dj\x81\xed\xe3\xee\xdf\x00To\xd5\xfe^\xb2\x9cw\x19\xafS\xba@x\t\xde\x08\xe0{v\x03R\xd2\xb7\xaec\x9fu\xa1 \xdc\xcb\'\x01S\x97\xce\xf9)\xe3\xc1\x98Cns\xda@cU>\xb4\x96y\xc8\x00S\xcd\xac\xdc\x15\x12\xc3\xf6\xa0-5\x10@\x8b\x93\xd3%\x84N\x95\x03TBR\xa1"aMo\xbe\xca3j\x01T$\x9e[-\x89\xc8 \xf5\xc3S\xcf@\x89\xe4\x84\x8b\xfa\xc9A\x02Tu\x12\x07\t\x82^\x11p97K\x00S\xc3/\xeb?\xcbbl?\x1dt\'@\x84v\xdf\xdb\n|@\x02T|\xfc>7\xab6A\xfe=\xeay\x00R\xc9\xc1\xd8\\E\x10x\x96\xf2\x96\t@q\xe4\xad\xf6\xc9\x92\xfa\x03S\x86"\xfan\xbe\r\xe7\xc0\xf8\xf4\xf6\x00S\xb5\xddwLs\x90\xeb\xb0E\x9c\xd3@\x89b\xf0A\xfe\t2\x03R\xef-\xab\x0c\x8cF\x94\xa5J\xf7G\x00T\t\xf3\xcb\x1b\xf9\x8b\xe2\xa9\xd7\x8ds@\x82\xc4\xc2\x18\x9f\xfb\xf0\x01T[m\xf45\xc9\xae\xc1d\xcfu\xfd@\x8d\xb5\xb8\x01s\x15\xff\x01S\xc8]\xfa]\xee\xf4\x8e\xe6[\x1c\xda@\x82\xa2\x0e\xfe:\x93a\x02S\xb8\xce\x0fll\r\x12v\xbebb\x01T\x92\xe5\\\x11N\xa6\xb6\xe9\x13VB@k\xc0,\xf6\x0bwS\x00S\xc2\xe9q"\x18\xccqf\xa89\x87@o\x12\xb7\xc2V\x05\xac\x00T4%\xcev\x0b\r"\x05\x01C\xa6@\x8d\xdaU\xf2i+\x99\x00R\xc9s\x81:\xae>>J0V\x05@\x8bK\x92ma.\x85\x00T3\xeb\x8b4\xb4\xa3\xc8\x13\xd3F\xb5@sA\xa1]\xfa9\x8e\x02R\xfc#\x19\x1cI\xb0\xbc\xf90\xb4\xe0\x00SE\xc6\xfdg\xaeuD!\t\x1b\xce@\x89\xd6\xaa\x1b\xf6E\x8a\x02Skt\x9a0\xc4\x12\xb54,\x1c\xdb\x00SG\xab\xacB!V\xc2L\x87L\xa3@~\x01\xd4\xb9\x1b{\xfd\x00TK~\xdd^\xf4\xe8\x1e\xdeEa\xad@\x80\xb6\xab\x7f?R\xb9\x00T\'\t{r\x12n\x84\xf0\xa7\xae\xc6@\x8f0\xf1  V\xd4\x03S\xde\xbf(t\xeaB\xaf\xc1-\x15N\x00S&\tR\x11\x94\x14\xe5T5\xcf\xfc@y\t\\\xca\x9f\xb5\xd2\x00S:hJk2\x15Y\xb4v\x97\xc6@qw\x86\xf8\xd8\xb7\xba\x00S\x1b\x1a\xafk\xa5\xaaV\xe6\xa5\x1fW@dX|\xb2=\xde[\x03To\x07\x13wU\xe2\x80\x95\x9e@\xfd\x00R\xdc\x8b\xeeA\x92!F\x12\x96b\x04@a\xca\xb7X\x8c\xccL\x00R\xd7q\n%Yz\x841sw\x88@\x83\xc92\x9fX\xae\x90\x02T\x8a\xc5\xa1\x14HC(\xe9\x0bQ\xa2\x01S\x1c4sM\xba{\x0f\x9d\xa1\xd7\xeb@\x87*oF\x06\x94x\x00Te\x94j@\xdd\xa56\tf<\xf1@\x7f\xd5\xcd)\x86\xd0\x12\x00To\xcd\x1e]!@d\x01\x81S\xda@s]j\x9bI\xf8F\x00SA+\xb9\x03\\\xa8\rrR\x1a\x90@{z\x94\xc7\x17(G\x02S\xd6y\xe8y\x97\x8c\x88\x84\xbc\x935\x00R\xf5\x1fk\x17>^n\t\xd0\xc9\x10@q,\x13m\xfc({\x00T}\xd5\xfb;D\xe0\xdf\xb5\x9c\x1f\xcb@x\x8d\xb1\xa0\xe7\xcf\xd2\x00S\xb2L\xb6\x0cs\x11o\x035\xca\xc7@\x82\xc6\x8bh\x92<8\x03S\x96\x00S\x11\xaf\xb41\xf6\xbd4O\x01S#\xa8\'\n\xf2V\x03\x83\xd1y\t@\x85W\xd0\xd5V\xaa3\x00T\x97B\x97\x15\x12\xc3\xf6\xa0-5\x10@X\xb5F,\xc5\x92W\x00S\xbe\x9a\xa5\x00\xd9\'\x04%\xc046@q\x05\x92\xa1\xfab\xe5\x00S\xc0H\x1b9\xe1\xd1}t\xa4O\x97@\x81c~\xf7\xd0BJ\x00S\xa7\xc4q5!e\xc1\x86v\x907@\x80\xcfJ`\xce[\\\x02T[|pLO\x95\x10w\t\xec\'\x00R\xd6\x16\x8a;h\x9aV\xe0\x14/\xb7@s\x97(r)\xe2\xeb\x00S-\xcdZ[8\x87J*#@\xe1@\x86\x1a\xb87\x1a\xf1\xea\x03T5\x06\xcc\x10\xca\xd4\xc6\x0f\x94\x90P\x01S^mt}!\xeb\xf5\xc8\x16\xce\xd2@\x81BXT\xb8c\\\x00R\xf5\x14qz\xf1\x95\x0e\x92\x9d\x89\xd3@\x8b\xd9\xe9\xe3\xedO\x82\x01Tr\r\xac^\xe2\xde\xba\xa8X\xbft@x\xdb\xd1\xf8\x00\xc4:\x01To\xd5\xfe^\xb2\x9cw\x19\xafS\xba@x\t\xde\x08\xe0{v\x01S\xc2\xe9q"\x18\xccqf\xa89\x87@o\x12\xb7\xc2V\x05\xac\x01T4%\xcev\x0b\r"\x05\x01C\xa6@\x8d\xdaU\xf2i+\x99\x01R\xd7q\n%Yz\x841sw\x88@\x83\xc92\x9fX\xae\x90\x01To\xcd\x1e]!@d\x01\x81S\xda@s]j\x9bI\xf8F\x01R\xf5\x1fk\x17>^n\t\xd0\xc9\x10@q,\x13m\xfc({\x01S-\xcdZ[8\x87J*#@\xe1@\x86\x1a\xb87\x1a\xf1\xea'
>>> fbinary.count('\x03')
Traceback (most recent call last):
  File "<pyshell#97>", line 1, in <module>
    fbinary.count('\x03')
TypeError: argument should be integer or bytes-like object, not 'str'
>>> fbinary.count(b'\x03')
11
>>> fbinary.count(b'\x02')
11
>>> fbinaryT=fbinary[9:]
>>> fbinaryT
b'\x00S\t\'\xd19gG\xc0E\xd9\x91!@\x82\xe21\xd6\xd7.\x8d\x01Tmqj\x14\xa2\xb0\xf5\xd4\xbb\x8f\xe2@\x89\xc9\ts\x81\x93j\x00SU\xf0 \x0e$\x8bQN\x16\x00\xe7@\x84\xe5bgSe6\x02R\xe1\xf4\xbb3\xaf\xd3yAC\x90\x89\x00Tr\r\xac^\xe2\xde\xba\xa8X\xbft@x\xdb\xd1\xf8\x00\xc4:\x01Tl\xee\xa5n\xbe\r\xe7\xc0\xf8\xf4\xf6@\x83\x01\x13\x0c$L\xda\x02S\xe8<\xba\x02[\x10B\x9c}R\xfd\x00S\xdd\xfc\xf4Z\xf9\xa8\x10\x8c\x0c\x9b\xee@dj\x81\xed\xe3\xee\xdf\x00To\xd5\xfe^\xb2\x9cw\x19\xafS\xba@x\t\xde\x08\xe0{v\x03R\xd2\xb7\xaec\x9fu\xa1 \xdc\xcb\'\x01S\x97\xce\xf9)\xe3\xc1\x98Cns\xda@cU>\xb4\x96y\xc8\x00S\xcd\xac\xdc\x15\x12\xc3\xf6\xa0-5\x10@\x8b\x93\xd3%\x84N\x95\x03TBR\xa1"aMo\xbe\xca3j\x01T$\x9e[-\x89\xc8 \xf5\xc3S\xcf@\x89\xe4\x84\x8b\xfa\xc9A\x02Tu\x12\x07\t\x82^\x11p97K\x00S\xc3/\xeb?\xcbbl?\x1dt\'@\x84v\xdf\xdb\n|@\x02T|\xfc>7\xab6A\xfe=\xeay\x00R\xc9\xc1\xd8\\E\x10x\x96\xf2\x96\t@q\xe4\xad\xf6\xc9\x92\xfa\x03S\x86"\xfan\xbe\r\xe7\xc0\xf8\xf4\xf6\x00S\xb5\xddwLs\x90\xeb\xb0E\x9c\xd3@\x89b\xf0A\xfe\t2\x03R\xef-\xab\x0c\x8cF\x94\xa5J\xf7G\x00T\t\xf3\xcb\x1b\xf9\x8b\xe2\xa9\xd7\x8ds@\x82\xc4\xc2\x18\x9f\xfb\xf0\x01T[m\xf45\xc9\xae\xc1d\xcfu\xfd@\x8d\xb5\xb8\x01s\x15\xff\x01S\xc8]\xfa]\xee\xf4\x8e\xe6[\x1c\xda@\x82\xa2\x0e\xfe:\x93a\x02S\xb8\xce\x0fll\r\x12v\xbebb\x01T\x92\xe5\\\x11N\xa6\xb6\xe9\x13VB@k\xc0,\xf6\x0bwS\x00S\xc2\xe9q"\x18\xccqf\xa89\x87@o\x12\xb7\xc2V\x05\xac\x00T4%\xcev\x0b\r"\x05\x01C\xa6@\x8d\xdaU\xf2i+\x99\x00R\xc9s\x81:\xae>>J0V\x05@\x8bK\x92ma.\x85\x00T3\xeb\x8b4\xb4\xa3\xc8\x13\xd3F\xb5@sA\xa1]\xfa9\x8e\x02R\xfc#\x19\x1cI\xb0\xbc\xf90\xb4\xe0\x00SE\xc6\xfdg\xaeuD!\t\x1b\xce@\x89\xd6\xaa\x1b\xf6E\x8a\x02Skt\x9a0\xc4\x12\xb54,\x1c\xdb\x00SG\xab\xacB!V\xc2L\x87L\xa3@~\x01\xd4\xb9\x1b{\xfd\x00TK~\xdd^\xf4\xe8\x1e\xdeEa\xad@\x80\xb6\xab\x7f?R\xb9\x00T\'\t{r\x12n\x84\xf0\xa7\xae\xc6@\x8f0\xf1  V\xd4\x03S\xde\xbf(t\xeaB\xaf\xc1-\x15N\x00S&\tR\x11\x94\x14\xe5T5\xcf\xfc@y\t\\\xca\x9f\xb5\xd2\x00S:hJk2\x15Y\xb4v\x97\xc6@qw\x86\xf8\xd8\xb7\xba\x00S\x1b\x1a\xafk\xa5\xaaV\xe6\xa5\x1fW@dX|\xb2=\xde[\x03To\x07\x13wU\xe2\x80\x95\x9e@\xfd\x00R\xdc\x8b\xeeA\x92!F\x12\x96b\x04@a\xca\xb7X\x8c\xccL\x00R\xd7q\n%Yz\x841sw\x88@\x83\xc92\x9fX\xae\x90\x02T\x8a\xc5\xa1\x14HC(\xe9\x0bQ\xa2\x01S\x1c4sM\xba{\x0f\x9d\xa1\xd7\xeb@\x87*oF\x06\x94x\x00Te\x94j@\xdd\xa56\tf<\xf1@\x7f\xd5\xcd)\x86\xd0\x12\x00To\xcd\x1e]!@d\x01\x81S\xda@s]j\x9bI\xf8F\x00SA+\xb9\x03\\\xa8\rrR\x1a\x90@{z\x94\xc7\x17(G\x02S\xd6y\xe8y\x97\x8c\x88\x84\xbc\x935\x00R\xf5\x1fk\x17>^n\t\xd0\xc9\x10@q,\x13m\xfc({\x00T}\xd5\xfb;D\xe0\xdf\xb5\x9c\x1f\xcb@x\x8d\xb1\xa0\xe7\xcf\xd2\x00S\xb2L\xb6\x0cs\x11o\x035\xca\xc7@\x82\xc6\x8bh\x92<8\x03S\x96\x00S\x11\xaf\xb41\xf6\xbd4O\x01S#\xa8\'\n\xf2V\x03\x83\xd1y\t@\x85W\xd0\xd5V\xaa3\x00T\x97B\x97\x15\x12\xc3\xf6\xa0-5\x10@X\xb5F,\xc5\x92W\x00S\xbe\x9a\xa5\x00\xd9\'\x04%\xc046@q\x05\x92\xa1\xfab\xe5\x00S\xc0H\x1b9\xe1\xd1}t\xa4O\x97@\x81c~\xf7\xd0BJ\x00S\xa7\xc4q5!e\xc1\x86v\x907@\x80\xcfJ`\xce[\\\x02T[|pLO\x95\x10w\t\xec\'\x00R\xd6\x16\x8a;h\x9aV\xe0\x14/\xb7@s\x97(r)\xe2\xeb\x00S-\xcdZ[8\x87J*#@\xe1@\x86\x1a\xb87\x1a\xf1\xea\x03T5\x06\xcc\x10\xca\xd4\xc6\x0f\x94\x90P\x01S^mt}!\xeb\xf5\xc8\x16\xce\xd2@\x81BXT\xb8c\\\x00R\xf5\x14qz\xf1\x95\x0e\x92\x9d\x89\xd3@\x8b\xd9\xe9\xe3\xedO\x82\x01Tr\r\xac^\xe2\xde\xba\xa8X\xbft@x\xdb\xd1\xf8\x00\xc4:\x01To\xd5\xfe^\xb2\x9cw\x19\xafS\xba@x\t\xde\x08\xe0{v\x01S\xc2\xe9q"\x18\xccqf\xa89\x87@o\x12\xb7\xc2V\x05\xac\x01T4%\xcev\x0b\r"\x05\x01C\xa6@\x8d\xdaU\xf2i+\x99\x01R\xd7q\n%Yz\x841sw\x88@\x83\xc92\x9fX\xae\x90\x01To\xcd\x1e]!@d\x01\x81S\xda@s]j\x9bI\xf8F\x01R\xf5\x1fk\x17>^n\t\xd0\xc9\x10@q,\x13m\xfc({\x01S-\xcdZ[8\x87J*#@\xe1@\x86\x1a\xb87\x1a\xf1\xea'
>>> onrec=fbinaryT[:21]
>>> onrec
b"\x00S\t'\xd19gG\xc0E\xd9\x91!@\x82\xe21\xd6\xd7.\x8d"
>>> int.from_bytes(b'\x00\x01',"big")
1
>>> int.from_bytes(b'\x00\x01',"network")
Traceback (most recent call last):
  File "<pyshell#105>", line 1, in <module>
    int.from_bytes(b'\x00\x01',"network")
ValueError: byteorder must be either 'little' or 'big'
>>> int.from_bytes(onrec[1:5],"big")
1393108945
>>> int.from_bytes(onrec[5:13],"big")
4136353673894269217
>>> int.from_bytes(onrec[13],"big")
Traceback (most recent call last):
  File "<pyshell#108>", line 1, in <module>
    int.from_bytes(onrec[13],"big")
TypeError: cannot convert 'int' object to bytes
>>> int.from_bytes(onrec[13:],"big")
4648526469085474445
>>> int.from_bytes(onrec[13:21],"big")
4648526469085474445
>>> dir(float)
['__abs__', '__add__', '__bool__', '__class__', '__delattr__', '__dir__', '__divmod__', '__doc__', '__eq__', '__float__', '__floordiv__', '__format__', '__ge__', '__getattribute__', '__getformat__', '__getnewargs__', '__gt__', '__hash__', '__init__', '__init_subclass__', '__int__', '__le__', '__lt__', '__mod__', '__mul__', '__ne__', '__neg__', '__new__', '__pos__', '__pow__', '__radd__', '__rdivmod__', '__reduce__', '__reduce_ex__', '__repr__', '__rfloordiv__', '__rmod__', '__rmul__', '__round__', '__rpow__', '__rsub__', '__rtruediv__', '__set_format__', '__setattr__', '__sizeof__', '__str__', '__sub__', '__subclasshook__', '__truediv__', '__trunc__', 'as_integer_ratio', 'conjugate', 'fromhex', 'hex', 'imag', 'is_integer', 'real']
>>> dir(int)
['__abs__', '__add__', '__and__', '__bool__', '__ceil__', '__class__', '__delattr__', '__dir__', '__divmod__', '__doc__', '__eq__', '__float__', '__floor__', '__floordiv__', '__format__', '__ge__', '__getattribute__', '__getnewargs__', '__gt__', '__hash__', '__index__', '__init__', '__init_subclass__', '__int__', '__invert__', '__le__', '__lshift__', '__lt__', '__mod__', '__mul__', '__ne__', '__neg__', '__new__', '__or__', '__pos__', '__pow__', '__radd__', '__rand__', '__rdivmod__', '__reduce__', '__reduce_ex__', '__repr__', '__rfloordiv__', '__rlshift__', '__rmod__', '__rmul__', '__ror__', '__round__', '__rpow__', '__rrshift__', '__rshift__', '__rsub__', '__rtruediv__', '__rxor__', '__setattr__', '__sizeof__', '__str__', '__sub__', '__subclasshook__', '__truediv__', '__trunc__', '__xor__', 'bit_length', 'conjugate', 'denominator', 'from_bytes', 'imag', 'numerator', 'real', 'to_bytes']
>>> float.from_hex(onrec[13:21])
Traceback (most recent call last):
  File "<pyshell#113>", line 1, in <module>
    float.from_hex(onrec[13:21])
AttributeError: type object 'float' has no attribute 'from_hex'
>>> binascii.hexlify(onrec[13:21])
b'4082e231d6d72e8d'
>>> float.fromhex('4082e231d6d72e8d')
4.648526469085475e+18
>>> float.fromhex(onrec[13:21])
Traceback (most recent call last):
  File "<pyshell#116>", line 1, in <module>
    float.fromhex(onrec[13:21])
TypeError: bad argument type for built-in operation
>>> float64
Traceback (most recent call last):
  File "<pyshell#117>", line 1, in <module>
    float64
NameError: name 'float64' is not defined
>>> import numpy
Traceback (most recent call last):
  File "<pyshell#118>", line 1, in <module>
    import numpy
ModuleNotFoundError: No module named 'numpy'
>>> import strconv
Traceback (most recent call last):
  File "<pyshell#119>", line 1, in <module>
    import strconv
ModuleNotFoundError: No module named 'strconv'
>>> ff=onerec[13:21]]
SyntaxError: invalid syntax
>>> ff=onrec[13:21]
>>> ff
b'@\x82\xe21\xd6\xd7.\x8d'
>>> struct.pack('f',ff)
Traceback (most recent call last):
  File "<pyshell#123>", line 1, in <module>
    struct.pack('f',ff)
struct.error: required argument is not a float
>>> struct.unpack('f',ff)
Traceback (most recent call last):
  File "<pyshell#124>", line 1, in <module>
    struct.unpack('f',ff)
struct.error: unpack requires a buffer of 4 bytes
>>> struct.unpack('d',ff)
(-3.5290006220498838e-245,)
>>> ff=onrec[14:21]
>>> ff
b'\x82\xe21\xd6\xd7.\x8d'
>>> struct.unpack('d',ff)
Traceback (most recent call last):
  File "<pyshell#128>", line 1, in <module>
    struct.unpack('d',ff)
struct.error: unpack requires a buffer of 8 bytes
>>> struct.unpack('d',ff)[0]
Traceback (most recent call last):
  File "<pyshell#129>", line 1, in <module>
    struct.unpack('d',ff)[0]
struct.error: unpack requires a buffer of 8 bytes
>>> ff=onrec[13:21]
>>> struct.unpack('d',ff)[0]
-3.5290006220498838e-245
>>> 



b'\x00Tr\r\xac^\xe2\xde'
>>> struct.unpack('d',tworec[13:21])[0]
-1.1744447799127591e+149
>>> struct.unpack('f',tworec[13:17])[0]
7.46731187687541e-31
>>> struct.unpack('f',onrec[13:17])[0]
6.5922733938350575e-09
>>> struct.unpack('f8',onrec[13:17])[0]
Traceback (most recent call last):
  File "<pyshell#176>", line 1, in <module>
    struct.unpack('f8',onrec[13:17])[0]
struct.error: repeat count given without format specifier
>>> struct.unpack('!d',tworec[13:21])[0]
4.5492794608497045e-307
>>> struct.unpack('!d',onrec[13:21])[0] *** CORRECT ANSWER
604.274335557087
>>> 